Archive member included to satisfy reference by file (symbol)

c:/program files (x86)/atmel/studio/7.0/toolchain/arm/arm-gnu-toolchain/bin/../lib/gcc/arm-none-eabi/6.3.1/thumb/v6-m\libgcc.a(_udivsi3.o)
                              src/ASF/sam0/drivers/sercom/i2c/i2c_sam0/i2c_master.o (__aeabi_uidiv)
c:/program files (x86)/atmel/studio/7.0/toolchain/arm/arm-gnu-toolchain/bin/../lib/gcc/arm-none-eabi/6.3.1/thumb/v6-m\libgcc.a(_divsi3.o)
                              src/ASF/thirdparty/fatfs/fatfs-r0.09/src/ff.o (__aeabi_idiv)
c:/program files (x86)/atmel/studio/7.0/toolchain/arm/arm-gnu-toolchain/bin/../lib/gcc/arm-none-eabi/6.3.1/thumb/v6-m\libgcc.a(_dvmd_tls.o)
                              c:/program files (x86)/atmel/studio/7.0/toolchain/arm/arm-gnu-toolchain/bin/../lib/gcc/arm-none-eabi/6.3.1/thumb/v6-m\libgcc.a(_udivsi3.o) (__aeabi_idiv0)
c:/program files (x86)/atmel/studio/7.0/toolchain/arm/arm-gnu-toolchain/bin/../lib/gcc/arm-none-eabi/6.3.1/thumb/v6-m\libgcc.a(_aeabi_uldivmod.o)
                              src/main_app.o (__aeabi_uldivmod)
c:/program files (x86)/atmel/studio/7.0/toolchain/arm/arm-gnu-toolchain/bin/../lib/gcc/arm-none-eabi/6.3.1/thumb/v6-m\libgcc.a(_muldi3.o)
                              src/ASF/sam0/drivers/sercom/sercom.o (__aeabi_lmul)
c:/program files (x86)/atmel/studio/7.0/toolchain/arm/arm-gnu-toolchain/bin/../lib/gcc/arm-none-eabi/6.3.1/thumb/v6-m\libgcc.a(_fixunsdfsi.o)
                              src/main_app.o (__aeabi_d2uiz)
c:/program files (x86)/atmel/studio/7.0/toolchain/arm/arm-gnu-toolchain/bin/../lib/gcc/arm-none-eabi/6.3.1/thumb/v6-m\libgcc.a(_udivmoddi4.o)
                              c:/program files (x86)/atmel/studio/7.0/toolchain/arm/arm-gnu-toolchain/bin/../lib/gcc/arm-none-eabi/6.3.1/thumb/v6-m\libgcc.a(_aeabi_uldivmod.o) (__udivmoddi4)
c:/program files (x86)/atmel/studio/7.0/toolchain/arm/arm-gnu-toolchain/bin/../lib/gcc/arm-none-eabi/6.3.1/thumb/v6-m\libgcc.a(adddf3.o)
                              src/ASF/sam0/drivers/sercom/i2c/i2c_sam0/i2c_master.o (__aeabi_dadd)
c:/program files (x86)/atmel/studio/7.0/toolchain/arm/arm-gnu-toolchain/bin/../lib/gcc/arm-none-eabi/6.3.1/thumb/v6-m\libgcc.a(divdf3.o)
                              src/ASF/sam0/drivers/sercom/i2c/i2c_sam0/i2c_master.o (__aeabi_ddiv)
c:/program files (x86)/atmel/studio/7.0/toolchain/arm/arm-gnu-toolchain/bin/../lib/gcc/arm-none-eabi/6.3.1/thumb/v6-m\libgcc.a(muldf3.o)
                              src/ASF/sam0/drivers/sercom/i2c/i2c_sam0/i2c_master.o (__aeabi_dmul)
c:/program files (x86)/atmel/studio/7.0/toolchain/arm/arm-gnu-toolchain/bin/../lib/gcc/arm-none-eabi/6.3.1/thumb/v6-m\libgcc.a(subdf3.o)
                              src/ASF/sam0/drivers/sercom/i2c/i2c_sam0/i2c_master.o (__aeabi_dsub)
c:/program files (x86)/atmel/studio/7.0/toolchain/arm/arm-gnu-toolchain/bin/../lib/gcc/arm-none-eabi/6.3.1/thumb/v6-m\libgcc.a(fixdfsi.o)
                              src/ASF/sam0/drivers/sercom/i2c/i2c_sam0/i2c_master.o (__aeabi_d2iz)
c:/program files (x86)/atmel/studio/7.0/toolchain/arm/arm-gnu-toolchain/bin/../lib/gcc/arm-none-eabi/6.3.1/thumb/v6-m\libgcc.a(floatsidf.o)
                              src/main_app.o (__aeabi_i2d)
c:/program files (x86)/atmel/studio/7.0/toolchain/arm/arm-gnu-toolchain/bin/../lib/gcc/arm-none-eabi/6.3.1/thumb/v6-m\libgcc.a(floatunsidf.o)
                              src/ASF/sam0/drivers/sercom/i2c/i2c_sam0/i2c_master.o (__aeabi_ui2d)
c:/program files (x86)/atmel/studio/7.0/toolchain/arm/arm-gnu-toolchain/bin/../lib/gcc/arm-none-eabi/6.3.1/thumb/v6-m\libgcc.a(_arm_cmpdf2.o)
                              c:/program files (x86)/atmel/studio/7.0/toolchain/arm/arm-gnu-toolchain/bin/../lib/gcc/arm-none-eabi/6.3.1/thumb/v6-m\libgcc.a(_fixunsdfsi.o) (__aeabi_dcmpge)
c:/program files (x86)/atmel/studio/7.0/toolchain/arm/arm-gnu-toolchain/bin/../lib/gcc/arm-none-eabi/6.3.1/thumb/v6-m\libgcc.a(_clzsi2.o)
                              c:/program files (x86)/atmel/studio/7.0/toolchain/arm/arm-gnu-toolchain/bin/../lib/gcc/arm-none-eabi/6.3.1/thumb/v6-m\libgcc.a(adddf3.o) (__clzsi2)
c:/program files (x86)/atmel/studio/7.0/toolchain/arm/arm-gnu-toolchain/bin/../lib/gcc/arm-none-eabi/6.3.1/thumb/v6-m\libgcc.a(_clzdi2.o)
                              c:/program files (x86)/atmel/studio/7.0/toolchain/arm/arm-gnu-toolchain/bin/../lib/gcc/arm-none-eabi/6.3.1/thumb/v6-m\libgcc.a(_udivmoddi4.o) (__clzdi2)
c:/program files (x86)/atmel/studio/7.0/toolchain/arm/arm-gnu-toolchain/bin/../lib/gcc/arm-none-eabi/6.3.1/thumb/v6-m\libgcc.a(eqdf2.o)
                              c:/program files (x86)/atmel/studio/7.0/toolchain/arm/arm-gnu-toolchain/bin/../lib/gcc/arm-none-eabi/6.3.1/thumb/v6-m\libgcc.a(_arm_cmpdf2.o) (__eqdf2)
c:/program files (x86)/atmel/studio/7.0/toolchain/arm/arm-gnu-toolchain/bin/../lib/gcc/arm-none-eabi/6.3.1/thumb/v6-m\libgcc.a(gedf2.o)
[...]
Memory Configuration

Name             Origin             Length             Attributes
rom              0x00000000         0x00040000         xr
ram              0x20000000         0x00008000         xrw
*default*        0x00000000         0xffffffff

Linker script and memory map

LOAD c:/program files (x86)/atmel/studio/7.0/toolchain/arm/arm-gnu-toolchain/bin/../lib/gcc/arm-none-eabi/6.3.1/thumb/v6-m/crti.o
LOAD c:/program files (x86)/atmel/studio/7.0/toolchain/arm/arm-gnu-toolchain/bin/../lib/gcc/arm-none-eabi/6.3.1/thumb/v6-m/crtbegin.o
LOAD c:/program files (x86)/atmel/studio/7.0/toolchain/arm/arm-gnu-toolchain/bin/../lib/gcc/arm-none-eabi/6.3.1/../../../../arm-none-eabi/lib/thumb/v6-m/crt0.o
LOAD src/ASF/sam0/boards/board_init.o
LOAD src/ASF/sam0/drivers/sercom/i2c/i2c_sam0/i2c_master.o
LOAD src/ASF/sam0/drivers/sercom/i2c/i2c_sam0/i2c_master_interrupt.o
LOAD src/SerialConsole/circular_buffer.o
LOAD src/SerialConsole/SerialConsole.o
LOAD src/ASF/common2/components/memory/sd_mmc/sd_mmc.o
LOAD src/ASF/common2/components/memory/sd_mmc/sd_mmc_mem.o
LOAD src/ASF/common2/components/memory/sd_mmc/sd_mmc_spi.o
LOAD src/ASF/common2/services/delay/sam0/cycle_counter.o
LOAD src/ASF/common/services/storage/ctrl_access/ctrl_access.o
LOAD src/ASF/common/utils/interrupt/interrupt_sam_nvic.o
LOAD src/ASF/sam0/drivers/port/port.o
LOAD src/ASF/sam0/drivers/rtc/rtc_sam_d_r_h/rtc_calendar.o
LOAD src/ASF/sam0/drivers/sercom/sercom.o
LOAD src/ASF/sam0/drivers/sercom/sercom_interrupt.o
LOAD src/ASF/sam0/drivers/sercom/spi/spi.o
LOAD src/ASF/sam0/drivers/sercom/spi/spi_interrupt.o
LOAD src/ASF/sam0/drivers/sercom/usart/usart.o
LOAD src/ASF/sam0/drivers/sercom/usart/usart_interrupt.o
LOAD src/ASF/sam0/drivers/system/clock/clock_samd21_r21_da_ha1/clock.o
LOAD src/ASF/sam0/drivers/system/clock/clock_samd21_r21_da_ha1/gclk.o
LOAD src/ASF/sam0/drivers/system/interrupt/system_interrupt.o
LOAD src/ASF/sam0/drivers/system/pinmux/pinmux.o
LOAD src/ASF/sam0/drivers/system/system.o
LOAD src/ASF/sam0/utils/cmsis/samd21/source/gcc/startup_samd21.o
LOAD src/ASF/sam0/utils/cmsis/samd21/source/system_samd21.o
LOAD src/ASF/sam0/utils/stdio/read.o
LOAD src/ASF/sam0/utils/stdio/write.o
LOAD src/ASF/sam0/utils/syscalls/gcc/syscalls.o
LOAD src/ASF/thirdparty/fatfs/fatfs-port-r0.09/diskio.o
LOAD src/ASF/thirdparty/fatfs/fatfs-port-r0.09/sam0/fattime_rtc.o
LOAD src/ASF/thirdparty/fatfs/fatfs-r0.09/src/ff.o
LOAD src/ASF/thirdparty/fatfs/fatfs-r0.09/src/option/ccsbcs.o
LOAD src/main_app.o
START GROUP
LOAD ../src/ASF/thirdparty/CMSIS/Lib/GCC\libarm_cortexM0l_math.a
LOAD c:/program files (x86)/atmel/studio/7.0/toolchain/arm/arm-gnu-toolchain/bin/../lib/gcc/arm-none-eabi/6.3.1/../../../../arm-none-eabi/lib/thumb/v6-m\libm.a
END GROUP
                0x00002000                __stack_size__ = 0x2000
Address of section .text set to 0x0
START GROUP
LOAD c:/program files (x86)/atmel/studio/7.0/toolchain/arm/arm-gnu-toolchain/bin/../lib/gcc/arm-none-eabi/6.3.1/thumb/v6-m\libgcc.a
LOAD c:/program files (x86)/atmel/studio/7.0/toolchain/arm/arm-gnu-toolchain/bin/../lib/gcc/arm-none-eabi/6.3.1/../../../../arm-none-eabi/lib/thumb/v6-m\libc_nano.a
END GROUP
START GROUP
LOAD c:/program files (x86)/atmel/studio/7.0/toolchain/arm/arm-gnu-toolchain/bin/../lib/gcc/arm-none-eabi/6.3.1/thumb/v6-m\libgcc.a
LOAD c:/program files (x86)/atmel/studio/7.0/toolchain/arm/arm-gnu-toolchain/bin/../lib/gcc/arm-none-eabi/6.3.1/../../../../arm-none-eabi/lib/thumb/v6-m\libc_nano.a
END GROUP
LOAD c:/program files (x86)/atmel/studio/7.0/toolchain/arm/arm-gnu-toolchain/bin/../lib/gcc/arm-none-eabi/6.3.1/thumb/v6-m/crtend.o
LOAD c:/program files (x86)/atmel/studio/7.0/toolchain/arm/arm-gnu-toolchain/bin/../lib/gcc/arm-none-eabi/6.3.1/thumb/v6-m/crtn.o
                0x00002000                STACK_SIZE = DEFINED (STACK_SIZE)?STACK_SIZE:DEFINED (__stack_size__)?__stack_size__:0x2000

.text           0x00000000     0x4af0
                0x00000000                . = ALIGN (0x4)
                0x00000000                _sfixed = .
 *(.vectors .vectors.*)
 .vectors       0x00000000       0xb4 src/ASF/sam0/utils/cmsis/samd21/source/gcc/startup_samd21.o
                0x00000000                exception_table
 *(.text .text.* .gnu.linkonce.t.*)
 .text          0x000000b4       0x60 c:/program files (x86)/atmel/studio/7.0/toolchain/arm/arm-gnu-toolchain/bin/../lib/gcc/arm-none-eabi/6.3.1/thumb/v6-m/crtbegin.o
 .text.system_board_init
                0x00000114       0x38 src/ASF/sam0/boards/board_init.o
                0x00000114                board_init
                0x00000114                system_board_init
 .text.i2c_master_init
                0x0000014c      0x2f8 src/ASF/sam0/drivers/sercom/i2c/i2c_sam0/i2c_master.o
                0x0000014c                i2c_master_init
 .text._i2c_master_address_response
                0x00000444       0x30 src/ASF/sam0/drivers/sercom/i2c/i2c_sam0/i2c_master.o
                0x00000444                _i2c_master_address_response
 .text._i2c_master_wait_for_bus
                0x00000474       0x2c src/ASF/sam0/drivers/sercom/i2c/i2c_sam0/i2c_master.o
                0x00000474                _i2c_master_wait_for_bus
 .text._i2c_master_send_hs_master_code
                0x000004a0       0x20 src/ASF/sam0/drivers/sercom/i2c/i2c_sam0/i2c_master.o
                0x000004a0                _i2c_master_send_hs_master_code
 .text._i2c_master_wait_for_sync
                0x000004c0        0xc src/ASF/sam0/drivers/sercom/i2c/i2c_sam0/i2c_master_interrupt.o
 .text._i2c_master_read
                0x000004cc       0x88 src/ASF/sam0/drivers/sercom/i2c/i2c_sam0/i2c_master_interrupt.o
 .text._i2c_master_write
                0x00000554       0x3c src/ASF/sam0/drivers/sercom/i2c/i2c_sam0/i2c_master_interrupt.o
 .text._i2c_master_read_packet
                0x00000590       0xc8 src/ASF/sam0/drivers/sercom/i2c/i2c_sam0/i2c_master_interrupt.o
 .text.i2c_master_register_callback
                0x00000658       0x16 src/ASF/sam0/drivers/sercom/i2c/i2c_sam0/i2c_master_interrupt.o
                0x00000658                i2c_master_register_callback
 *fill*         0x0000066e        0x2 
 .text.i2c_master_read_packet_job
                0x00000670       0x24 src/ASF/sam0/drivers/sercom/i2c/i2c_sam0/i2c_master_interrupt.o
                0x00000670                i2c_master_read_packet_job
 .text._i2c_master_interrupt_handler
                0x00000694      0x1ec src/ASF/sam0/drivers/sercom/i2c/i2c_sam0/i2c_master_interrupt.o
                0x00000694                _i2c_master_interrupt_handler
 .text.advance_pointer
                0x00000880       0x34 src/SerialConsole/circular_buffer.o
 .text.circular_buf_init
                0x000008b4       0x20 src/SerialConsole/circular_buffer.o
                0x000008b4                circular_buf_init
 .text.circular_buf_put
                0x000008d4       0x14 src/SerialConsole/circular_buffer.o
                0x000008d4                circular_buf_put
 .text.circular_buf_empty
                0x000008e8       0x18 src/SerialConsole/circular_buffer.o
                0x000008e8                circular_buf_empty
 .text.circular_buf_get
                0x00000900       0x38 src/SerialConsole/circular_buffer.o
                0x00000900                circular_buf_get
 .text.usart_write_callback
                0x00000938       0x30 src/SerialConsole/SerialConsole.o
                0x00000938                usart_write_callback
 .text.InitializeSerialConsole
                0x00000968      0x128 src/SerialConsole/SerialConsole.o
                0x00000968                InitializeSerialConsole
 .text.SerialConsoleWriteString
                0x00000a90       0x74 src/SerialConsole/SerialConsole.o
                0x00000a90                SerialConsoleWriteString
 .text.usart_read_callback
                0x00000b04       0x54 src/SerialConsole/SerialConsole.o
                0x00000b04                usart_read_callback
 .text.delay_init
                0x00000b58        0x2 src/ASF/common2/services/delay/sam0/cycle_counter.o
                0x00000b58                delay_init
 *fill*         0x00000b5a        0x2 
 .text.cpu_irq_enter_critical
                0x00000b5c       0x40 src/ASF/common/utils/interrupt/interrupt_sam_nvic.o
                0x00000b5c                cpu_irq_enter_critical
 .text.cpu_irq_leave_critical
                0x00000b9c       0x30 src/ASF/common/utils/interrupt/interrupt_sam_nvic.o
                0x00000b9c                cpu_irq_leave_critical
 .text.port_pin_set_config
                0x00000bcc       0x24 src/ASF/sam0/drivers/port/port.o
                0x00000bcc                port_pin_set_config
 .text.long_division
                0x00000bf0       0xba src/ASF/sam0/drivers/sercom/sercom.o
 .text._sercom_get_sync_baud_val
                0x00000caa       0x28 src/ASF/sam0/drivers/sercom/sercom.o
                0x00000caa                _sercom_get_sync_baud_val
 *fill*         0x00000cd2        0x2 
 .text._sercom_get_async_baud_val
                0x00000cd4       0x94 src/ASF/sam0/drivers/sercom/sercom.o
                0x00000cd4                _sercom_get_async_baud_val
 .text.sercom_set_gclk_generator
                0x00000d68       0x4c src/ASF/sam0/drivers/sercom/sercom.o
                0x00000d68                sercom_set_gclk_generator
 .text._sercom_get_default_pad
                0x00000db4      0x178 src/ASF/sam0/drivers/sercom/sercom.o
                0x00000db4                _sercom_get_default_pad
 .text._sercom_get_sercom_inst_index
                0x00000f2c       0x38 src/ASF/sam0/drivers/sercom/sercom.o
                0x00000f2c                _sercom_get_sercom_inst_index
 .text._sercom_default_handler
                0x00000f64        0x2 src/ASF/sam0/drivers/sercom/sercom_interrupt.o
 *fill*         0x00000f66        0x2 
 .text._sercom_set_handler
                0x00000f68       0x3c src/ASF/sam0/drivers/sercom/sercom_interrupt.o
                0x00000f68                _sercom_set_handler
 .text._sercom_get_interrupt_vector
                0x00000fa4       0x30 src/ASF/sam0/drivers/sercom/sercom_interrupt.o
                0x00000fa4                _sercom_get_interrupt_vector
 .text.SERCOM0_Handler
                0x00000fd4       0x10 src/ASF/sam0/drivers/sercom/sercom_interrupt.o
                0x00000fd4                SERCOM0_Handler
 .text.SERCOM1_Handler
                0x00000fe4       0x10 src/ASF/sam0/drivers/sercom/sercom_interrupt.o
                0x00000fe4                SERCOM1_Handler
 .text.SERCOM2_Handler
                0x00000ff4       0x10 src/ASF/sam0/drivers/sercom/sercom_interrupt.o
                0x00000ff4                SERCOM2_Handler
 .text.SERCOM3_Handler
                0x00001004       0x10 src/ASF/sam0/drivers/sercom/sercom_interrupt.o
                0x00001004                SERCOM3_Handler
 .text.SERCOM4_Handler
                0x00001014       0x10 src/ASF/sam0/drivers/sercom/sercom_interrupt.o
                0x00001014                SERCOM4_Handler
 .text.SERCOM5_Handler
                0x00001024       0x10 src/ASF/sam0/drivers/sercom/sercom_interrupt.o
                0x00001024                SERCOM5_Handler
 .text.usart_init
                0x00001034      0x344 src/ASF/sam0/drivers/sercom/usart/usart.o
                0x00001034                usart_init
 .text._usart_write_buffer
                0x00001378       0x3c src/ASF/sam0/drivers/sercom/usart/usart_interrupt.o
                0x00001378                _usart_write_buffer
 .text._usart_read_buffer
                0x000013b4       0x50 src/ASF/sam0/drivers/sercom/usart/usart_interrupt.o
                0x000013b4                _usart_read_buffer
 .text.usart_register_callback
                0x00001404       0x18 src/ASF/sam0/drivers/sercom/usart/usart_interrupt.o
                0x00001404                usart_register_callback
 .text.usart_write_buffer_job
                0x0000141c       0x20 src/ASF/sam0/drivers/sercom/usart/usart_interrupt.o
                0x0000141c                usart_write_buffer_job
 .text.usart_read_buffer_job
                0x0000143c       0x20 src/ASF/sam0/drivers/sercom/usart/usart_interrupt.o
                0x0000143c                usart_read_buffer_job
 .text.usart_get_job_status
                0x0000145c       0x1c src/ASF/sam0/drivers/sercom/usart/usart_interrupt.o
                0x0000145c                usart_get_job_status
 .text._usart_interrupt_handler
                0x00001478      0x194 src/ASF/sam0/drivers/sercom/usart/usart_interrupt.o
                0x00001478                _usart_interrupt_handler
 .text.system_clock_source_get_hz
                0x0000160c       0x94 src/ASF/sam0/drivers/system/clock/clock_samd21_r21_da_ha1/clock.o
                0x0000160c                system_clock_source_get_hz
 .text.system_clock_source_osc8m_set_config
                0x000016a0       0x3c src/ASF/sam0/drivers/system/clock/clock_samd21_r21_da_ha1/clock.o
                0x000016a0                system_clock_source_osc8m_set_config
 .text.system_clock_source_xosc32k_set_config
                0x000016dc       0xb8 src/ASF/sam0/drivers/system/clock/clock_samd21_r21_da_ha1/clock.o
                0x000016dc                system_clock_source_xosc32k_set_config
 .text.system_clock_source_dfll_set_config
                0x00001794       0x80 src/ASF/sam0/drivers/system/clock/clock_samd21_r21_da_ha1/clock.o
                0x00001794                system_clock_source_dfll_set_config
 .text.system_clock_source_enable
                0x00001814       0xa8 src/ASF/sam0/drivers/system/clock/clock_samd21_r21_da_ha1/clock.o
                0x00001814                system_clock_source_enable
 .text.system_clock_init
                0x000018bc      0x154 src/ASF/sam0/drivers/system/clock/clock_samd21_r21_da_ha1/clock.o
                0x000018bc                system_clock_init
 .text.system_gclk_init
                0x00001a10       0x24 src/ASF/sam0/drivers/system/clock/clock_samd21_r21_da_ha1/gclk.o
                0x00001a10                system_gclk_init
 .text.system_gclk_gen_set_config
                0x00001a34       0xb8 src/ASF/sam0/drivers/system/clock/clock_samd21_r21_da_ha1/gclk.o
                0x00001a34                system_gclk_gen_set_config
 .text.system_gclk_gen_enable
                0x00001aec       0x44 src/ASF/sam0/drivers/system/clock/clock_samd21_r21_da_ha1/gclk.o
                0x00001aec                system_gclk_gen_enable
 .text.system_gclk_gen_get_hz
                0x00001b30       0x8c src/ASF/sam0/drivers/system/clock/clock_samd21_r21_da_ha1/gclk.o
                0x00001b30                system_gclk_gen_get_hz
 .text.system_gclk_chan_enable
                0x00001bbc       0x30 src/ASF/sam0/drivers/system/clock/clock_samd21_r21_da_ha1/gclk.o
                0x00001bbc                system_gclk_chan_enable
 .text.system_gclk_chan_disable
                0x00001bec       0x5c src/ASF/sam0/drivers/system/clock/clock_samd21_r21_da_ha1/gclk.o
                0x00001bec                system_gclk_chan_disable
 .text.system_gclk_chan_set_config
                0x00001c48       0x1c src/ASF/sam0/drivers/system/clock/clock_samd21_r21_da_ha1/gclk.o
                0x00001c48                system_gclk_chan_set_config
 .text.system_gclk_chan_get_hz
                0x00001c64       0x34 src/ASF/sam0/drivers/system/clock/clock_samd21_r21_da_ha1/gclk.o
                0x00001c64                system_gclk_chan_get_hz
 .text._system_pinmux_config
                0x00001c98       0xa8 src/ASF/sam0/drivers/system/pinmux/pinmux.o
 .text.system_pinmux_pin_set_config
                0x00001d40       0x30 src/ASF/sam0/drivers/system/pinmux/pinmux.o
                0x00001d40                system_pinmux_pin_set_config
 .text._system_dummy_init
                0x00001d70        0x2 src/ASF/sam0/drivers/system/system.o
                0x00001d70                _system_extint_init
                0x00001d70                _system_events_init
                0x00001d70                _system_dummy_init
                0x00001d70                _system_divas_init
 *fill*         0x00001d72        0x2 
 .text.system_init
                0x00001d74       0x2c src/ASF/sam0/drivers/system/system.o
                0x00001d74                system_init
 .text.Dummy_Handler
                0x00001da0        0x2 src/ASF/sam0/utils/cmsis/samd21/source/gcc/startup_samd21.o
                0x00001da0                DMAC_Handler
                0x00001da0                HardFault_Handler
                0x00001da0                AC_Handler
                0x00001da0                SysTick_Handler
                0x00001da0                PendSV_Handler
                0x00001da0                NMI_Handler
                0x00001da0                ADC_Handler
                0x00001da0                TCC1_Handler
                0x00001da0                TCC0_Handler
                0x00001da0                RTC_Handler
                0x00001da0                EIC_Handler
                0x00001da0                WDT_Handler
                0x00001da0                TC4_Handler
                0x00001da0                USB_Handler
                0x00001da0                TC3_Handler
                0x00001da0                Dummy_Handler
                0x00001da0                PM_Handler
                0x00001da0                SVC_Handler
                0x00001da0                TCC2_Handler
                0x00001da0                EVSYS_Handler
                0x00001da0                I2S_Handler
                0x00001da0                NVMCTRL_Handler
                0x00001da0                DAC_Handler
                0x00001da0                PTC_Handler
                0x00001da0                TC5_Handler
                0x00001da0                SYSCTRL_Handler
 *fill*         0x00001da2        0x2 
 .text.Reset_Handler
                0x00001da4       0xe4 src/ASF/sam0/utils/cmsis/samd21/source/gcc/startup_samd21.o
                0x00001da4                Reset_Handler
 .text._sbrk    0x00001e88       0x24 src/ASF/sam0/utils/syscalls/gcc/syscalls.o
                0x00001e88                _sbrk
 .text.i2c_read_complete_callback
                0x00001eac       0x14 src/main_app.o
                0x00001eac                i2c_read_complete_callback
 .text.configure_i2c
                0x00001ec0       0xb4 src/main_app.o
                0x00001ec0                configure_i2c
 .text.configure_i2c_callbacks
                0x00001f74       0x24 src/main_app.o
                0x00001f74                configure_i2c_callbacks
 .text.main     0x00001f98      0x208 src/main_app.o
                0x00001f98                main
 .text          0x000021a0      0x114 c:/program files (x86)/atmel/studio/7.0/toolchain/arm/arm-gnu-toolchain/bin/../lib/gcc/arm-none-eabi/6.3.1/thumb/v6-m\libgcc.a(_udivsi3.o)
                0x000021a0                __aeabi_uidiv
                0x000021a0                __udivsi3
                0x000022ac                __aeabi_uidivmod
 .text          0x000022b4        0x4 c:/program files (x86)/atmel/studio/7.0/toolchain/arm/arm-gnu-toolchain/bin/../lib/gcc/arm-none-eabi/6.3.1/thumb/v6-m\libgcc.a(_dvmd_tls.o)
                0x000022b4                __aeabi_idiv0
                0x000022b4                __aeabi_ldiv0
 .text          0x000022b8       0x40 c:/program files (x86)/atmel/studio/7.0/toolchain/arm/arm-gnu-toolchain/bin/../lib/gcc/arm-none-eabi/6.3.1/thumb/v6-m\libgcc.a(_aeabi_uldivmod.o)
                0x000022b8                __aeabi_uldivmod
 .text          0x000022f8       0x54 c:/program files (x86)/atmel/studio/7.0/toolchain/arm/arm-gnu-toolchain/bin/../lib/gcc/arm-none-eabi/6.3.1/thumb/v6-m\libgcc.a(_muldi3.o)
                0x000022f8                __muldi3
                0x000022f8                __aeabi_lmul
 .text          0x0000234c       0x3c c:/program files (x86)/atmel/studio/7.0/toolchain/arm/arm-gnu-toolchain/bin/../lib/gcc/arm-none-eabi/6.3.1/thumb/v6-m\libgcc.a(_fixunsdfsi.o)
                0x0000234c                __aeabi_d2uiz
                0x0000234c                __fixunsdfsi
 .text          0x00002388      0x180 c:/program files (x86)/atmel/studio/7.0/toolchain/arm/arm-gnu-toolchain/bin/../lib/gcc/arm-none-eabi/6.3.1/thumb/v6-m\libgcc.a(_udivmoddi4.o)
                0x00002388                __udivmoddi4
 .text          0x00002508      0x620 c:/program files (x86)/atmel/studio/7.0/toolchain/arm/arm-gnu-toolchain/bin/../lib/gcc/arm-none-eabi/6.3.1/thumb/v6-m\libgcc.a(adddf3.o)
                0x00002508                __aeabi_dadd
 .text          0x00002b28      0x668 c:/program files (x86)/atmel/studio/7.0/toolchain/arm/arm-gnu-toolchain/bin/../lib/gcc/arm-none-eabi/6.3.1/thumb/v6-m\libgcc.a(divdf3.o)
                0x00002b28                __aeabi_ddiv
 .text          0x00003190      0x500 c:/program files (x86)/atmel/studio/7.0/toolchain/arm/arm-gnu-toolchain/bin/../lib/gcc/arm-none-eabi/6.3.1/thumb/v6-m\libgcc.a(muldf3.o)
                0x00003190                __aeabi_dmul
 .text          0x00003690      0x62c c:/program files (x86)/atmel/studio/7.0/toolchain/arm/arm-gnu-toolchain/bin/../lib/gcc/arm-none-eabi/6.3.1/thumb/v6-m\libgcc.a(subdf3.o)
                0x00003690                __aeabi_dsub
 .text          0x00003cbc       0x68 c:/program files (x86)/atmel/studio/7.0/toolchain/arm/arm-gnu-toolchain/bin/../lib/gcc/arm-none-eabi/6.3.1/thumb/v6-m\libgcc.a(fixdfsi.o)
                0x00003cbc                __aeabi_d2iz
 .text          0x00003d24       0x84 c:/program files (x86)/atmel/studio/7.0/toolchain/arm/arm-gnu-toolchain/bin/../lib/gcc/arm-none-eabi/6.3.1/thumb/v6-m\libgcc.a(floatsidf.o)
                0x00003d24                __aeabi_i2d
 .text          0x00003da8       0x70 c:/program files (x86)/atmel/studio/7.0/toolchain/arm/arm-gnu-toolchain/bin/../lib/gcc/arm-none-eabi/6.3.1/thumb/v6-m\libgcc.a(floatunsidf.o)
                0x00003da8                __aeabi_ui2d
 .text          0x00003e18       0x7c c:/program files (x86)/atmel/studio/7.0/toolchain/arm/arm-gnu-toolchain/bin/../lib/gcc/arm-none-eabi/6.3.1/thumb/v6-m\libgcc.a(_arm_cmpdf2.o)
                0x00003e18                __aeabi_cdrcmple
                0x00003e28                __aeabi_cdcmple
                0x00003e28                __aeabi_cdcmpeq
                0x00003e38                __aeabi_dcmpeq
                0x00003e44                __aeabi_dcmplt
                0x00003e58                __aeabi_dcmple
                0x00003e6c                __aeabi_dcmpgt
                0x00003e80                __aeabi_dcmpge
 .text          0x00003e94       0x3c c:/program files (x86)/atmel/studio/7.0/toolchain/arm/arm-gnu-toolchain/bin/../lib/gcc/arm-none-eabi/6.3.1/thumb/v6-m\libgcc.a(_clzsi2.o)
                0x00003e94                __clzsi2
 .text          0x00003ed0       0x18 c:/program files (x86)/atmel/studio/7.0/toolchain/arm/arm-gnu-toolchain/bin/../lib/gcc/arm-none-eabi/6.3.1/thumb/v6-m\libgcc.a(_clzdi2.o)
                0x00003ed0                __clzdi2
 .text          0x00003ee8       0x74 c:/program files (x86)/atmel/studio/7.0/toolchain/arm/arm-gnu-toolchain/bin/../lib/gcc/arm-none-eabi/6.3.1/thumb/v6-m\libgcc.a(eqdf2.o)
                0x00003ee8                __nedf2
                0x00003ee8                __eqdf2
 .text          0x00003f5c       0xc8 c:/program files (x86)/atmel/studio/7.0/toolchain/arm/arm-gnu-toolchain/bin/../lib/gcc/arm-none-eabi/6.3.1/thumb/v6-m\libgcc.a(gedf2.o)
                0x00003f5c                __gedf2
                0x00003f5c                __gtdf2
 .text          0x00004024       0xc4 c:/program files (x86)/atmel/studio/7.0/toolchain/arm/arm-gnu-toolchain/bin/../lib/gcc/arm-none-eabi/6.3.1/thumb/v6-m\libgcc.a(ledf2.o)
                0x00004024                __ledf2
                0x00004024                __ltdf2
 .text.__libc_init_array
                0x000040e8       0x48 c:/program files (x86)/atmel/studio/7.0/toolchain/arm/arm-gnu-toolchain/bin/../lib/gcc/arm-none-eabi/6.3.1/../../../../arm-none-eabi/lib/thumb/v6-m\libc_nano.a(lib_a-init.o)
                0x000040e8                __libc_init_array
 .text.malloc   0x00004130       0x14 c:/program files (x86)/atmel/studio/7.0/toolchain/arm/arm-gnu-toolchain/bin/../lib/gcc/arm-none-eabi/6.3.1/../../../../arm-none-eabi/lib/thumb/v6-m\libc_nano.a(lib_a-malloc.o)
                0x00004130                malloc
 .text._free_r  0x00004144       0x94 c:/program files (x86)/atmel/studio/7.0/toolchain/arm/arm-gnu-toolchain/bin/../lib/gcc/arm-none-eabi/6.3.1/../../../../arm-none-eabi/lib/thumb/v6-m\libc_nano.a(lib_a-nano-freer.o)
                0x00004144                _free_r
 .text._malloc_r
                0x000041d8       0xbc c:/program files (x86)/atmel/studio/7.0/toolchain/arm/arm-gnu-toolchain/bin/../lib/gcc/arm-none-eabi/6.3.1/../../../../arm-none-eabi/lib/thumb/v6-m\libc_nano.a(lib_a-nano-mallocr.o)
                0x000041d8                _malloc_r
 .text._sbrk_r  0x00004294       0x24 c:/program files (x86)/atmel/studio/7.0/toolchain/arm/arm-gnu-toolchain/bin/../lib/gcc/arm-none-eabi/6.3.1/../../../../arm-none-eabi/lib/thumb/v6-m\libc_nano.a(lib_a-sbrkr.o)
                0x00004294                _sbrk_r
 .text.sprintf  0x000042b8       0x44 c:/program files (x86)/atmel/studio/7.0/toolchain/arm/arm-gnu-toolchain/bin/../lib/gcc/arm-none-eabi/6.3.1/../../../../arm-none-eabi/lib/thumb/v6-m\libc_nano.a(lib_a-sprintf.o)
                0x000042b8                siprintf
                0x000042b8                sprintf
 .text          0x000042fc        0xe c:/program files (x86)/atmel/studio/7.0/toolchain/arm/arm-gnu-toolchain/bin/../lib/gcc/arm-none-eabi/6.3.1/../../../../arm-none-eabi/lib/thumb/v6-m\libc_nano.a(lib_a-strlen.o)
                0x000042fc                strlen
 .text.__malloc_lock
                0x0000430a        0x2 c:/program files (x86)/atmel/studio/7.0/toolchain/arm/arm-gnu-toolchain/bin/../lib/gcc/arm-none-eabi/6.3.1/../../../../arm-none-eabi/lib/thumb/v6-m\libc_nano.a(lib_a-mlock.o)
                0x0000430a                __malloc_lock
 .text.__malloc_unlock
                0x0000430c        0x2 c:/program files (x86)/atmel/studio/7.0/toolchain/arm/arm-gnu-toolchain/bin/../lib/gcc/arm-none-eabi/6.3.1/../../../../arm-none-eabi/lib/thumb/v6-m\libc_nano.a(lib_a-mlock.o)
                0x0000430c                __malloc_unlock
 *fill*         0x0000430e        0x2 
 .text.__ssputs_r
                0x00004310       0xc4 c:/program files (x86)/atmel/studio/7.0/toolchain/arm/arm-gnu-toolchain/bin/../lib/gcc/arm-none-eabi/6.3.1/../../../../arm-none-eabi/lib/thumb/v6-m\libc_nano.a(lib_a-nano-svfprintf.o)
                0x00004310                __ssputs_r
 .text._svfprintf_r
                0x000043d4      0x208 c:/program files (x86)/atmel/studio/7.0/toolchain/arm/arm-gnu-toolchain/bin/../lib/gcc/arm-none-eabi/6.3.1/../../../../arm-none-eabi/lib/thumb/v6-m\libc_nano.a(lib_a-nano-svfprintf.o)
                0x000043d4                _svfiprintf_r
                0x000043d4                _svfprintf_r
 .text._printf_common
                0x000045dc       0xda c:/program files (x86)/atmel/studio/7.0/toolchain/arm/arm-gnu-toolchain/bin/../lib/gcc/arm-none-eabi/6.3.1/../../../../arm-none-eabi/lib/thumb/v6-m\libc_nano.a(lib_a-nano-vfprintf_i.o)
                0x000045dc                _printf_common
 *fill*         0x000046b6        0x2 
 .text._printf_i
                0x000046b8      0x234 c:/program files (x86)/atmel/studio/7.0/toolchain/arm/arm-gnu-toolchain/bin/../lib/gcc/arm-none-eabi/6.3.1/../../../../arm-none-eabi/lib/thumb/v6-m\libc_nano.a(lib_a-nano-vfprintf_i.o)
                0x000046b8                _printf_i
 .text.memchr   0x000048ec       0x16 c:/program files (x86)/atmel/studio/7.0/toolchain/arm/arm-gnu-toolchain/bin/../lib/gcc/arm-none-eabi/6.3.1/../../../../arm-none-eabi/lib/thumb/v6-m\libc_nano.a(lib_a-memchr-stub.o)
                0x000048ec                memchr
 .text.memcpy   0x00004902       0x12 c:/program files (x86)/atmel/studio/7.0/toolchain/arm/arm-gnu-toolchain/bin/../lib/gcc/arm-none-eabi/6.3.1/../../../../arm-none-eabi/lib/thumb/v6-m\libc_nano.a(lib_a-memcpy-stub.o)
                0x00004902                memcpy
 .text.memmove  0x00004914       0x24 c:/program files (x86)/atmel/studio/7.0/toolchain/arm/arm-gnu-toolchain/bin/../lib/gcc/arm-none-eabi/6.3.1/../../../../arm-none-eabi/lib/thumb/v6-m\libc_nano.a(lib_a-memmove.o)
                0x00004914                memmove
 .text._realloc_r
                0x00004938       0x4c c:/program files (x86)/atmel/studio/7.0/toolchain/arm/arm-gnu-toolchain/bin/../lib/gcc/arm-none-eabi/6.3.1/../../../../arm-none-eabi/lib/thumb/v6-m\libc_nano.a(lib_a-nano-reallocr.o)
                0x00004938                _realloc_r
 .text._malloc_usable_size_r
                0x00004984       0x10 c:/program files (x86)/atmel/studio/7.0/toolchain/arm/arm-gnu-toolchain/bin/../lib/gcc/arm-none-eabi/6.3.1/../../../../arm-none-eabi/lib/thumb/v6-m\libc_nano.a(lib_a-nano-msizer.o)
                0x00004984                _malloc_usable_size_r
 *(.glue_7t)
 .glue_7t       0x00004994        0x0 linker stubs
 *(.glue_7)
 .glue_7        0x00004994        0x0 linker stubs
 *(.rodata .rodata* .gnu.linkonce.r.*)
 .rodata        0x00004994       0x18 src/ASF/sam0/drivers/sercom/sercom.o
 .rodata.system_clock_source_get_hz
                0x000049ac       0x24 src/ASF/sam0/drivers/system/clock/clock_samd21_r21_da_ha1/clock.o
 .rodata.system_clock_source_enable
                0x000049d0       0x24 src/ASF/sam0/drivers/system/clock/clock_samd21_r21_da_ha1/clock.o
 .rodata.i2c_read_complete_callback.str1.4
                0x000049f4       0x13 src/main_app.o
 *fill*         0x00004a07        0x1 
 .rodata.main.str1.4
                0x00004a08       0x14 src/main_app.o
                                 0x11 (size before relaxing)
 .rodata        0x00004a1c       0x40 c:/program files (x86)/atmel/studio/7.0/toolchain/arm/arm-gnu-toolchain/bin/../lib/gcc/arm-none-eabi/6.3.1/thumb/v6-m\libgcc.a(divdf3.o)
 .rodata        0x00004a5c       0x40 c:/program files (x86)/atmel/studio/7.0/toolchain/arm/arm-gnu-toolchain/bin/../lib/gcc/arm-none-eabi/6.3.1/thumb/v6-m\libgcc.a(muldf3.o)
 .rodata._svfprintf_r.str1.1
                0x00004a9c       0x11 c:/program files (x86)/atmel/studio/7.0/toolchain/arm/arm-gnu-toolchain/bin/../lib/gcc/arm-none-eabi/6.3.1/../../../../arm-none-eabi/lib/thumb/v6-m\libc_nano.a(lib_a-nano-svfprintf.o)
 .rodata._printf_i.str1.1
                0x00004aad       0x22 c:/program files (x86)/atmel/studio/7.0/toolchain/arm/arm-gnu-toolchain/bin/../lib/gcc/arm-none-eabi/6.3.1/../../../../arm-none-eabi/lib/thumb/v6-m\libc_nano.a(lib_a-nano-vfprintf_i.o)
 *(.ARM.extab* .gnu.linkonce.armextab.*)
                0x00004ad0                . = ALIGN (0x4)
 *fill*         0x00004acf        0x1 
 *(.init)
 .init          0x00004ad0        0x4 c:/program files (x86)/atmel/studio/7.0/toolchain/arm/arm-gnu-toolchain/bin/../lib/gcc/arm-none-eabi/6.3.1/thumb/v6-m/crti.o
                0x00004ad0                _init
 .init          0x00004ad4        0x8 c:/program files (x86)/atmel/studio/7.0/toolchain/arm/arm-gnu-toolchain/bin/../lib/gcc/arm-none-eabi/6.3.1/thumb/v6-m/crtn.o
                0x00004adc                . = ALIGN (0x4)
                0x00004adc                __preinit_array_start = .
 *(.preinit_array)
                0x00004adc                __preinit_array_end = .
                0x00004adc                . = ALIGN (0x4)
                0x00004adc                __init_array_start = .
 *(SORT(.init_array.*))
 *(.init_array)
 .init_array    0x00004adc        0x4 c:/program files (x86)/atmel/studio/7.0/toolchain/arm/arm-gnu-toolchain/bin/../lib/gcc/arm-none-eabi/6.3.1/thumb/v6-m/crtbegin.o
                0x00004ae0                __init_array_end = .
                0x00004ae0                . = ALIGN (0x4)
 *crtbegin.o(.ctors)
 *(EXCLUDE_FILE(*crtend.o) .ctors)
 *(SORT(.ctors.*))
 *crtend.o(.ctors)
                0x00004ae0                . = ALIGN (0x4)
 *(.fini)
 .fini          0x00004ae0        0x4 c:/program files (x86)/atmel/studio/7.0/toolchain/arm/arm-gnu-toolchain/bin/../lib/gcc/arm-none-eabi/6.3.1/thumb/v6-m/crti.o
                0x00004ae0                _fini
 .fini          0x00004ae4        0x8 c:/program files (x86)/atmel/studio/7.0/toolchain/arm/arm-gnu-toolchain/bin/../lib/gcc/arm-none-eabi/6.3.1/thumb/v6-m/crtn.o
                0x00004aec                . = ALIGN (0x4)
                0x00004aec                __fini_array_start = .
 *(.fini_array)
 .fini_array    0x00004aec        0x4 c:/program files (x86)/atmel/studio/7.0/toolchain/arm/arm-gnu-toolchain/bin/../lib/gcc/arm-none-eabi/6.3.1/thumb/v6-m/crtbegin.o
 *(SORT(.fini_array.*))
                0x00004af0                __fini_array_end = .
 *crtbegin.o(.dtors)
 *(EXCLUDE_FILE(*crtend.o) .dtors)
 *(SORT(.dtors.*))
 *crtend.o(.dtors)
                0x00004af0                . = ALIGN (0x4)
                0x00004af0                _efixed = .
                [!provide]                PROVIDE (__exidx_start, .)

.vfp11_veneer   0x00004af0        0x0
 .vfp11_veneer  0x00004af0        0x0 linker stubs

.v4_bx          0x00004af0        0x0
 .v4_bx         0x00004af0        0x0 linker stubs

.iplt           0x00004af0        0x0
 .iplt          0x00004af0        0x0 c:/program files (x86)/atmel/studio/7.0/toolchain/arm/arm-gnu-toolchain/bin/../lib/gcc/arm-none-eabi/6.3.1/thumb/v6-m/crtbegin.o

.ARM.exidx      0x00004af0        0x8
 *(.ARM.exidx* .gnu.linkonce.armexidx.*)
 .ARM.exidx     0x00004af0        0x8 c:/program files (x86)/atmel/studio/7.0/toolchain/arm/arm-gnu-toolchain/bin/../lib/gcc/arm-none-eabi/6.3.1/thumb/v6-m\libgcc.a(_udivmoddi4.o)
                [!provide]                PROVIDE (__exidx_end, .)

.eh_frame       0x00004af8        0x0
 .eh_frame      0x00004af8        0x0 c:/program files (x86)/atmel/studio/7.0/toolchain/arm/arm-gnu-toolchain/bin/../lib/gcc/arm-none-eabi/6.3.1/thumb/v6-m/crtbegin.o

.rel.dyn        0x00004af8        0x0
 .rel.iplt      0x00004af8        0x0 c:/program files (x86)/atmel/studio/7.0/toolchain/arm/arm-gnu-toolchain/bin/../lib/gcc/arm-none-eabi/6.3.1/thumb/v6-m/crtbegin.o

.jcr            0x00004af8        0x0
 .jcr           0x00004af8        0x0 c:/program files (x86)/atmel/studio/7.0/toolchain/arm/arm-gnu-toolchain/bin/../lib/gcc/arm-none-eabi/6.3.1/thumb/v6-m/crtbegin.o

.igot.plt       0x00004af8        0x0
 .igot.plt      0x00004af8        0x0 c:/program files (x86)/atmel/studio/7.0/toolchain/arm/arm-gnu-toolchain/bin/../lib/gcc/arm-none-eabi/6.3.1/thumb/v6-m/crtbegin.o
                0x00004af8                . = ALIGN (0x4)
                0x00004af8                _etext = .

.relocate       0x20000000      0x174 load address 0x00004af8
                0x20000000                . = ALIGN (0x4)
                0x20000000                _srelocate = .
 *(.ramfunc .ramfunc.*)
 .ramfunc       0x20000000        0xc src/ASF/common2/services/delay/sam0/cycle_counter.o
                0x20000000                portable_delay_cycles
 *(.data .data.*)
 .data.g_interrupt_enabled
                0x2000000c        0x1 src/ASF/common/utils/interrupt/interrupt_sam_nvic.o
                0x2000000c                g_interrupt_enabled
 .data.k.13636  0x2000000d        0x1 src/main_app.o
 *fill*         0x2000000e        0x2 
 .data.wr_buffer
                0x20000010      0x100 src/main_app.o
 .data._impure_ptr
                0x20000110        0x4 c:/program files (x86)/atmel/studio/7.0/toolchain/arm/arm-gnu-toolchain/bin/../lib/gcc/arm-none-eabi/6.3.1/../../../../arm-none-eabi/lib/thumb/v6-m\libc_nano.a(lib_a-impure.o)
                0x20000110                _impure_ptr
 .data.impure_data
                0x20000114       0x60 c:/program files (x86)/atmel/studio/7.0/toolchain/arm/arm-gnu-toolchain/bin/../lib/gcc/arm-none-eabi/6.3.1/../../../../arm-none-eabi/lib/thumb/v6-m\libc_nano.a(lib_a-impure.o)
                0x20000174                . = ALIGN (0x4)
                0x20000174                _erelocate = .

.bss            0x20000174      0x638 load address 0x00004c6c
                0x20000174                . = ALIGN (0x4)
                0x20000174                _sbss = .
                0x20000174                _szero = .
 *(.bss .bss.*)
 .bss           0x20000174       0x1c c:/program files (x86)/atmel/studio/7.0/toolchain/arm/arm-gnu-toolchain/bin/../lib/gcc/arm-none-eabi/6.3.1/thumb/v6-m/crtbegin.o
 .bss.cpu_irq_critical_section_counter
                0x20000190        0x4 src/ASF/common/utils/interrupt/interrupt_sam_nvic.o
 .bss.cpu_irq_prev_interrupt_state
                0x20000194        0x1 src/ASF/common/utils/interrupt/interrupt_sam_nvic.o
 *fill*         0x20000195        0x3 
 .bss._sercom_config
                0x20000198        0x2 src/ASF/sam0/drivers/sercom/sercom.o
 .bss._handler_table_initialized
                0x2000019a        0x1 src/ASF/sam0/drivers/sercom/sercom_interrupt.o
 *fill*         0x2000019b        0x1 
 .bss._sercom_interrupt_handlers
                0x2000019c       0x18 src/ASF/sam0/drivers/sercom/sercom_interrupt.o
 .bss._system_clock_inst
                0x200001b4       0x18 src/ASF/sam0/drivers/system/clock/clock_samd21_r21_da_ha1/clock.o
 .bss.heap.5296
                0x200001cc        0x4 src/ASF/sam0/utils/syscalls/gcc/syscalls.o
 .bss.rd_buffer
                0x200001d0      0x100 src/main_app.o
 .bss.__malloc_free_list
                0x200002d0        0x4 c:/program files (x86)/atmel/studio/7.0/toolchain/arm/arm-gnu-toolchain/bin/../lib/gcc/arm-none-eabi/6.3.1/../../../../arm-none-eabi/lib/thumb/v6-m\libc_nano.a(lib_a-nano-mallocr.o)
                0x200002d0                __malloc_free_list
 .bss.__malloc_sbrk_start
                0x200002d4        0x4 c:/program files (x86)/atmel/studio/7.0/toolchain/arm/arm-gnu-toolchain/bin/../lib/gcc/arm-none-eabi/6.3.1/../../../../arm-none-eabi/lib/thumb/v6-m\libc_nano.a(lib_a-nano-mallocr.o)
                0x200002d4                __malloc_sbrk_start
 *(COMMON)
 COMMON         0x200002d8      0x444 src/SerialConsole/SerialConsole.o
                0x200002d8                usart_instance
                0x2000030c                cbufRx
                0x20000310                latestRx
                0x20000314                txCharacterBuffer
                0x20000514                rxCharacterBuffer
                0x20000714                latestTx
                0x20000718                cbufTx
 COMMON         0x2000071c       0x18 src/ASF/sam0/drivers/sercom/sercom_interrupt.o
                0x2000071c                _sercom_instances
 COMMON         0x20000734       0x74 src/main_app.o
                0x20000734                cdc_uart_module
                0x20000768                wr_packet
                0x20000774                i2c_master_instance
                0x2000079c                rd_packet
 COMMON         0x200007a8        0x4 c:/program files (x86)/atmel/studio/7.0/toolchain/arm/arm-gnu-toolchain/bin/../lib/gcc/arm-none-eabi/6.3.1/../../../../arm-none-eabi/lib/thumb/v6-m\libc_nano.a(lib_a-reent.o)
                0x200007a8                errno
                0x200007ac                . = ALIGN (0x4)
                0x200007ac                _ebss = .
                0x200007ac                _ezero = .

.stack          0x200007ac     0x2004 load address 0x000052a4
                0x200007b0                . = ALIGN (0x8)
 *fill*         0x200007ac        0x4 
                0x200007b0                _sstack = .
                0x200027b0                . = (. + STACK_SIZE)
 *fill*         0x200007b0     0x2000 
                0x200027b0                . = ALIGN (0x8)
                0x200027b0                _estack = .
                0x200027b0                . = ALIGN (0x4)
                0x200027b0                _end = .
OUTPUT(A6_TGH1_App.elf elf32-littlearm)

.ARM.attributes
                0x00000000       0x28
 .ARM.attributes
                0x00000000       0x1e c:/program files (x86)/atmel/studio/7.0/toolchain/arm/arm-gnu-toolchain/bin/../lib/gcc/arm-none-eabi/6.3.1/thumb/v6-m/crti.o
 .ARM.attributes
                0x0000001e       0x2c c:/program files (x86)/atmel/studio/7.0/toolchain/arm/arm-gnu-toolchain/bin/../lib/gcc/arm-none-eabi/6.3.1/thumb/v6-m/crtbegin.o
 .ARM.attributes
                0x0000004a       0x32 src/ASF/sam0/boards/board_init.o
 .ARM.attributes
                0x0000007c       0x32 src/ASF/sam0/drivers/sercom/i2c/i2c_sam0/i2c_master.o
 .ARM.attributes
                0x000000ae       0x32 src/ASF/sam0/drivers/sercom/i2c/i2c_sam0/i2c_master_interrupt.o
 .ARM.attributes
                0x000000e0       0x32 src/SerialConsole/circular_buffer.o
 .ARM.attributes
                0x00000112       0x32 src/SerialConsole/SerialConsole.o
 .ARM.attributes
                0x00000144       0x32 src/ASF/common2/services/delay/sam0/cycle_counter.o
 .ARM.attributes
                0x00000176       0x32 src/ASF/common/utils/interrupt/interrupt_sam_nvic.o
 .ARM.attributes
                0x000001a8       0x32 src/ASF/sam0/drivers/port/port.o
 .ARM.attributes
                0x000001da       0x32 src/ASF/sam0/drivers/sercom/sercom.o
 .ARM.attributes
                0x0000020c       0x32 src/ASF/sam0/drivers/sercom/sercom_interrupt.o
 .ARM.attributes
                0x0000023e       0x32 src/ASF/sam0/drivers/sercom/usart/usart.o
 .ARM.attributes
                0x00000270       0x32 src/ASF/sam0/drivers/sercom/usart/usart_interrupt.o
 .ARM.attributes
                0x000002a2       0x32 src/ASF/sam0/drivers/system/clock/clock_samd21_r21_da_ha1/clock.o
 .ARM.attributes
                0x000002d4       0x32 src/ASF/sam0/drivers/system/clock/clock_samd21_r21_da_ha1/gclk.o
 .ARM.attributes
                0x00000306       0x32 src/ASF/sam0/drivers/system/pinmux/pinmux.o
 .ARM.attributes
                0x00000338       0x32 src/ASF/sam0/drivers/system/system.o
 .ARM.attributes
                0x0000036a       0x32 src/ASF/sam0/utils/cmsis/samd21/source/gcc/startup_samd21.o
 .ARM.attributes
                0x0000039c       0x32 src/ASF/sam0/utils/syscalls/gcc/syscalls.o
 .ARM.attributes
                0x000003ce       0x32 src/main_app.o
 .ARM.attributes
                0x00000400       0x1e c:/program files (x86)/atmel/studio/7.0/toolchain/arm/arm-gnu-toolchain/bin/../lib/gcc/arm-none-eabi/6.3.1/thumb/v6-m\libgcc.a(_udivsi3.o)
 .ARM.attributes
                0x0000041e       0x1e c:/program files (x86)/atmel/studio/7.0/toolchain/arm/arm-gnu-toolchain/bin/../lib/gcc/arm-none-eabi/6.3.1/thumb/v6-m\libgcc.a(_dvmd_tls.o)
 .ARM.attributes
                0x0000043c       0x1e c:/program files (x86)/atmel/studio/7.0/toolchain/arm/arm-gnu-toolchain/bin/../lib/gcc/arm-none-eabi/6.3.1/thumb/v6-m\libgcc.a(_aeabi_uldivmod.o)
 .ARM.attributes
                0x0000045a       0x2c c:/program files (x86)/atmel/studio/7.0/toolchain/arm/arm-gnu-toolchain/bin/../lib/gcc/arm-none-eabi/6.3.1/thumb/v6-m\libgcc.a(_muldi3.o)
 .ARM.attributes
                0x00000486       0x2c c:/program files (x86)/atmel/studio/7.0/toolchain/arm/arm-gnu-toolchain/bin/../lib/gcc/arm-none-eabi/6.3.1/thumb/v6-m\libgcc.a(_fixunsdfsi.o)
 .ARM.attributes
                0x000004b2       0x2c c:/program files (x86)/atmel/studio/7.0/toolchain/arm/arm-gnu-toolchain/bin/../lib/gcc/arm-none-eabi/6.3.1/thumb/v6-m\libgcc.a(_udivmoddi4.o)
 .ARM.attributes
                0x000004de       0x2c c:/program files (x86)/atmel/studio/7.0/toolchain/arm/arm-gnu-toolchain/bin/../lib/gcc/arm-none-eabi/6.3.1/thumb/v6-m\libgcc.a(adddf3.o)
 .ARM.attributes
                0x0000050a       0x2c c:/program files (x86)/atmel/studio/7.0/toolchain/arm/arm-gnu-toolchain/bin/../lib/gcc/arm-none-eabi/6.3.1/thumb/v6-m\libgcc.a(divdf3.o)
 .ARM.attributes
                0x00000536       0x2c c:/program files (x86)/atmel/studio/7.0/toolchain/arm/arm-gnu-toolchain/bin/../lib/gcc/arm-none-eabi/6.3.1/thumb/v6-m\libgcc.a(muldf3.o)
 .ARM.attributes
                0x00000562       0x2c c:/program files (x86)/atmel/studio/7.0/toolchain/arm/arm-gnu-toolchain/bin/../lib/gcc/arm-none-eabi/6.3.1/thumb/v6-m\libgcc.a(subdf3.o)
 .ARM.attributes
                0x0000058e       0x2c c:/program files (x86)/atmel/studio/7.0/toolchain/arm/arm-gnu-toolchain/bin/../lib/gcc/arm-none-eabi/6.3.1/thumb/v6-m\libgcc.a(fixdfsi.o)
 .ARM.attributes
                0x000005ba       0x2c c:/program files (x86)/atmel/studio/7.0/toolchain/arm/arm-gnu-toolchain/bin/../lib/gcc/arm-none-eabi/6.3.1/thumb/v6-m\libgcc.a(floatsidf.o)
 .ARM.attributes
                0x000005e6       0x2c c:/program files (x86)/atmel/studio/7.0/toolchain/arm/arm-gnu-toolchain/bin/../lib/gcc/arm-none-eabi/6.3.1/thumb/v6-m\libgcc.a(floatunsidf.o)
 .ARM.attributes
                0x00000612       0x1e c:/program files (x86)/atmel/studio/7.0/toolchain/arm/arm-gnu-toolchain/bin/../lib/gcc/arm-none-eabi/6.3.1/thumb/v6-m\libgcc.a(_arm_cmpdf2.o)
 .ARM.attributes
                0x00000630       0x1e c:/program files (x86)/atmel/studio/7.0/toolchain/arm/arm-gnu-toolchain/bin/../lib/gcc/arm-none-eabi/6.3.1/thumb/v6-m\libgcc.a(_clzsi2.o)
 .ARM.attributes
                0x0000064e       0x1e c:/program files (x86)/atmel/studio/7.0/toolchain/arm/arm-gnu-toolchain/bin/../lib/gcc/arm-none-eabi/6.3.1/thumb/v6-m\libgcc.a(_clzdi2.o)
 .ARM.attributes
                0x0000066c       0x2c c:/program files (x86)/atmel/studio/7.0/toolchain/arm/arm-gnu-toolchain/bin/../lib/gcc/arm-none-eabi/6.3.1/thumb/v6-m\libgcc.a(eqdf2.o)
 .ARM.attributes
                0x00000698       0x2c c:/program files (x86)/atmel/studio/7.0/toolchain/arm/arm-gnu-toolchain/bin/../lib/gcc/arm-none-eabi/6.3.1/thumb/v6-m\libgcc.a(gedf2.o)
 .ARM.attributes
                0x000006c4       0x2c c:/program files (x86)/atmel/studio/7.0/toolchain/arm/arm-gnu-toolchain/bin/../lib/gcc/arm-none-eabi/6.3.1/thumb/v6-m\libgcc.a(ledf2.o)
 .ARM.attributes
                0x000006f0       0x2c c:/program files (x86)/atmel/studio/7.0/toolchain/arm/arm-gnu-toolchain/bin/../lib/gcc/arm-none-eabi/6.3.1/../../../../arm-none-eabi/lib/thumb/v6-m\libc_nano.a(lib_a-impure.o)
 .ARM.attributes
                0x0000071c       0x2c c:/program files (x86)/atmel/studio/7.0/toolchain/arm/arm-gnu-toolchain/bin/../lib/gcc/arm-none-eabi/6.3.1/../../../../arm-none-eabi/lib/thumb/v6-m\libc_nano.a(lib_a-init.o)
 .ARM.attributes
                0x00000748       0x2c c:/program files (x86)/atmel/studio/7.0/toolchain/arm/arm-gnu-toolchain/bin/../lib/gcc/arm-none-eabi/6.3.1/../../../../arm-none-eabi/lib/thumb/v6-m\libc_nano.a(lib_a-malloc.o)
 .ARM.attributes
                0x00000774       0x2c c:/program files (x86)/atmel/studio/7.0/toolchain/arm/arm-gnu-toolchain/bin/../lib/gcc/arm-none-eabi/6.3.1/../../../../arm-none-eabi/lib/thumb/v6-m\libc_nano.a(lib_a-nano-freer.o)
 .ARM.attributes
                0x000007a0       0x2c c:/program files (x86)/atmel/studio/7.0/toolchain/arm/arm-gnu-toolchain/bin/../lib/gcc/arm-none-eabi/6.3.1/../../../../arm-none-eabi/lib/thumb/v6-m\libc_nano.a(lib_a-nano-mallocr.o)
 .ARM.attributes
                0x000007cc       0x2c c:/program files (x86)/atmel/studio/7.0/toolchain/arm/arm-gnu-toolchain/bin/../lib/gcc/arm-none-eabi/6.3.1/../../../../arm-none-eabi/lib/thumb/v6-m\libc_nano.a(lib_a-sbrkr.o)
 .ARM.attributes
                0x000007f8       0x2c c:/program files (x86)/atmel/studio/7.0/toolchain/arm/arm-gnu-toolchain/bin/../lib/gcc/arm-none-eabi/6.3.1/../../../../arm-none-eabi/lib/thumb/v6-m\libc_nano.a(lib_a-sprintf.o)
 .ARM.attributes
                0x00000824       0x1c c:/program files (x86)/atmel/studio/7.0/toolchain/arm/arm-gnu-toolchain/bin/../lib/gcc/arm-none-eabi/6.3.1/../../../../arm-none-eabi/lib/thumb/v6-m\libc_nano.a(lib_a-strlen.o)
 .ARM.attributes
                0x00000840       0x2c c:/program files (x86)/atmel/studio/7.0/toolchain/arm/arm-gnu-toolchain/bin/../lib/gcc/arm-none-eabi/6.3.1/../../../../arm-none-eabi/lib/thumb/v6-m\libc_nano.a(lib_a-mlock.o)
 .ARM.attributes
                0x0000086c       0x2c c:/program files (x86)/atmel/studio/7.0/toolchain/arm/arm-gnu-toolchain/bin/../lib/gcc/arm-none-eabi/6.3.1/../../../../arm-none-eabi/lib/thumb/v6-m\libc_nano.a(lib_a-nano-svfprintf.o)
 .ARM.attributes
                0x00000898       0x2c c:/program files (x86)/atmel/studio/7.0/toolchain/arm/arm-gnu-toolchain/bin/../lib/gcc/arm-none-eabi/6.3.1/../../../../arm-none-eabi/lib/thumb/v6-m\libc_nano.a(lib_a-nano-vfprintf_i.o)
 .ARM.attributes
                0x000008c4       0x2c c:/program files (x86)/atmel/studio/7.0/toolchain/arm/arm-gnu-toolchain/bin/../lib/gcc/arm-none-eabi/6.3.1/../../../../arm-none-eabi/lib/thumb/v6-m\libc_nano.a(lib_a-reent.o)
 .ARM.attributes
                0x000008f0       0x2c c:/program files (x86)/atmel/studio/7.0/toolchain/arm/arm-gnu-toolchain/bin/../lib/gcc/arm-none-eabi/6.3.1/../../../../arm-none-eabi/lib/thumb/v6-m\libc_nano.a(lib_a-memchr-stub.o)
 .ARM.attributes
                0x0000091c       0x2c c:/program files (x86)/atmel/studio/7.0/toolchain/arm/arm-gnu-toolchain/bin/../lib/gcc/arm-none-eabi/6.3.1/../../../../arm-none-eabi/lib/thumb/v6-m\libc_nano.a(lib_a-memcpy-stub.o)
 .ARM.attributes
                0x00000948       0x2c c:/program files (x86)/atmel/studio/7.0/toolchain/arm/arm-gnu-toolchain/bin/../lib/gcc/arm-none-eabi/6.3.1/../../../../arm-none-eabi/lib/thumb/v6-m\libc_nano.a(lib_a-memmove.o)
 .ARM.attributes
                0x00000974       0x2c c:/program files (x86)/atmel/studio/7.0/toolchain/arm/arm-gnu-toolchain/bin/../lib/gcc/arm-none-eabi/6.3.1/../../../../arm-none-eabi/lib/thumb/v6-m\libc_nano.a(lib_a-nano-reallocr.o)
 .ARM.attributes
                0x000009a0       0x2c c:/program files (x86)/atmel/studio/7.0/toolchain/arm/arm-gnu-toolchain/bin/../lib/gcc/arm-none-eabi/6.3.1/../../../../arm-none-eabi/lib/thumb/v6-m\libc_nano.a(lib_a-nano-msizer.o)
 .ARM.attributes
                0x000009cc       0x1e c:/program files (x86)/atmel/studio/7.0/toolchain/arm/arm-gnu-toolchain/bin/../lib/gcc/arm-none-eabi/6.3.1/thumb/v6-m/crtn.o

.comment        0x00000000       0x59
 .comment       0x00000000       0x59 src/ASF/sam0/boards/board_init.o
                                 0x5a (size before relaxing)
 .comment       0x00000059       0x5a src/ASF/sam0/drivers/sercom/i2c/i2c_sam0/i2c_master.o
 .comment       0x00000059       0x5a src/ASF/sam0/drivers/sercom/i2c/i2c_sam0/i2c_master_interrupt.o
 .comment       0x00000059       0x5a src/SerialConsole/circular_buffer.o
 .comment       0x00000059       0x5a src/SerialConsole/SerialConsole.o
 .comment       0x00000059       0x5a src/ASF/common2/services/delay/sam0/cycle_counter.o
 .comment       0x00000059       0x5a src/ASF/common/utils/interrupt/interrupt_sam_nvic.o
 .comment       0x00000059       0x5a src/ASF/sam0/drivers/port/port.o
 .comment       0x00000059       0x5a src/ASF/sam0/drivers/sercom/sercom.o
 .comment       0x00000059       0x5a src/ASF/sam0/drivers/sercom/sercom_interrupt.o
 .comment       0x00000059       0x5a src/ASF/sam0/drivers/sercom/usart/usart.o
 .comment       0x00000059       0x5a src/ASF/sam0/drivers/sercom/usart/usart_interrupt.o
 .comment       0x00000059       0x5a src/ASF/sam0/drivers/system/clock/clock_samd21_r21_da_ha1/clock.o
 .comment       0x00000059       0x5a src/ASF/sam0/drivers/system/clock/clock_samd21_r21_da_ha1/gclk.o
 .comment       0x00000059       0x5a src/ASF/sam0/drivers/system/pinmux/pinmux.o
 .comment       0x00000059       0x5a src/ASF/sam0/drivers/system/system.o
 .comment       0x00000059       0x5a src/ASF/sam0/utils/cmsis/samd21/source/gcc/startup_samd21.o
 .comment       0x00000059       0x5a src/ASF/sam0/utils/syscalls/gcc/syscalls.o
 .comment       0x00000059       0x5a src/main_app.o

.debug_info     0x00000000    0x2cfdf
 .debug_info    0x00000000     0x12ad src/ASF/sam0/boards/board_init.o
 .debug_info    0x000012ad     0x4f5e src/ASF/sam0/drivers/sercom/i2c/i2c_sam0/i2c_master.o
 .debug_info    0x0000620b     0x312d src/ASF/sam0/drivers/sercom/i2c/i2c_sam0/i2c_master_interrupt.o
 .debug_info    0x00009338      0xd6e src/SerialConsole/circular_buffer.o
 .debug_info    0x0000a0a6     0x3885 src/SerialConsole/SerialConsole.o
 .debug_info    0x0000d92b      0xa64 src/ASF/common2/services/delay/sam0/cycle_counter.o
 .debug_info    0x0000e38f      0xb07 src/ASF/common/utils/interrupt/interrupt_sam_nvic.o
 .debug_info    0x0000ee96     0x12b6 src/ASF/sam0/drivers/port/port.o
 .debug_info    0x0001014c     0x2dd3 src/ASF/sam0/drivers/sercom/sercom.o
 .debug_info    0x00012f1f     0x2bcf src/ASF/sam0/drivers/sercom/sercom_interrupt.o
 .debug_info    0x00015aee     0x4ab0 src/ASF/sam0/drivers/sercom/usart/usart.o
 .debug_info    0x0001a59e     0x3048 src/ASF/sam0/drivers/sercom/usart/usart_interrupt.o
 .debug_info    0x0001d5e6     0x39d4 src/ASF/sam0/drivers/system/clock/clock_samd21_r21_da_ha1/clock.o
 .debug_info    0x00020fba     0x1ec7 src/ASF/sam0/drivers/system/clock/clock_samd21_r21_da_ha1/gclk.o
 .debug_info    0x00022e81     0x13f3 src/ASF/sam0/drivers/system/pinmux/pinmux.o
 .debug_info    0x00024274      0xa73 src/ASF/sam0/drivers/system/system.o
 .debug_info    0x00024ce7     0x3a3f src/ASF/sam0/utils/cmsis/samd21/source/gcc/startup_samd21.o
 .debug_info    0x00028726      0xd98 src/ASF/sam0/utils/syscalls/gcc/syscalls.o
 .debug_info    0x000294be     0x3b21 src/main_app.o

.debug_abbrev   0x00000000     0x3fa4
 .debug_abbrev  0x00000000      0x2dc src/ASF/sam0/boards/board_init.o
 .debug_abbrev  0x000002dc      0x50c src/ASF/sam0/drivers/sercom/i2c/i2c_sam0/i2c_master.o
 .debug_abbrev  0x000007e8      0x427 src/ASF/sam0/drivers/sercom/i2c/i2c_sam0/i2c_master_interrupt.o
 .debug_abbrev  0x00000c0f      0x2db src/SerialConsole/circular_buffer.o
 .debug_abbrev  0x00000eea      0x481 src/SerialConsole/SerialConsole.o
 .debug_abbrev  0x0000136b      0x1e7 src/ASF/common2/services/delay/sam0/cycle_counter.o
 .debug_abbrev  0x00001552      0x22c src/ASF/common/utils/interrupt/interrupt_sam_nvic.o
 .debug_abbrev  0x0000177e      0x298 src/ASF/sam0/drivers/port/port.o
 .debug_abbrev  0x00001a16      0x378 src/ASF/sam0/drivers/sercom/sercom.o
 .debug_abbrev  0x00001d8e      0x2d8 src/ASF/sam0/drivers/sercom/sercom_interrupt.o
 .debug_abbrev  0x00002066      0x488 src/ASF/sam0/drivers/sercom/usart/usart.o
 .debug_abbrev  0x000024ee      0x416 src/ASF/sam0/drivers/sercom/usart/usart_interrupt.o
 .debug_abbrev  0x00002904      0x493 src/ASF/sam0/drivers/system/clock/clock_samd21_r21_da_ha1/clock.o
 .debug_abbrev  0x00002d97      0x40d src/ASF/sam0/drivers/system/clock/clock_samd21_r21_da_ha1/gclk.o
 .debug_abbrev  0x000031a4      0x361 src/ASF/sam0/drivers/system/pinmux/pinmux.o
 .debug_abbrev  0x00003505      0x1e1 src/ASF/sam0/drivers/system/system.o
 .debug_abbrev  0x000036e6      0x234 src/ASF/sam0/utils/cmsis/samd21/source/gcc/startup_samd21.o
 .debug_abbrev  0x0000391a      0x257 src/ASF/sam0/utils/syscalls/gcc/syscalls.o
 .debug_abbrev  0x00003b71      0x433 src/main_app.o

.debug_loc      0x00000000     0x5b6a
 .debug_loc     0x00000000       0x8a src/ASF/sam0/boards/board_init.o
 .debug_loc     0x0000008a      0xff8 src/ASF/sam0/drivers/sercom/i2c/i2c_sam0/i2c_master.o
 .debug_loc     0x00001082      0x7ec src/ASF/sam0/drivers/sercom/i2c/i2c_sam0/i2c_master_interrupt.o
 .debug_loc     0x0000186e      0x387 src/SerialConsole/circular_buffer.o
 .debug_loc     0x00001bf5      0x254 src/SerialConsole/SerialConsole.o
 .debug_loc     0x00001e49      0x13d src/ASF/sam0/drivers/port/port.o
 .debug_loc     0x00001f86      0x9d5 src/ASF/sam0/drivers/sercom/sercom.o
 .debug_loc     0x0000295b      0x161 src/ASF/sam0/drivers/sercom/sercom_interrupt.o
 .debug_loc     0x00002abc      0xe2f src/ASF/sam0/drivers/sercom/usart/usart.o
 .debug_loc     0x000038eb      0x711 src/ASF/sam0/drivers/sercom/usart/usart_interrupt.o
 .debug_loc     0x00003ffc      0xf7d src/ASF/sam0/drivers/system/clock/clock_samd21_r21_da_ha1/clock.o
 .debug_loc     0x00004f79      0x504 src/ASF/sam0/drivers/system/clock/clock_samd21_r21_da_ha1/gclk.o
 .debug_loc     0x0000547d      0x36d src/ASF/sam0/drivers/system/pinmux/pinmux.o
 .debug_loc     0x000057ea       0x20 src/ASF/sam0/drivers/system/system.o
 .debug_loc     0x0000580a       0x40 src/ASF/sam0/utils/cmsis/samd21/source/gcc/startup_samd21.o
 .debug_loc     0x0000584a       0xef src/ASF/sam0/utils/syscalls/gcc/syscalls.o
 .debug_loc     0x00005939      0x231 src/main_app.o

.debug_aranges  0x00000000      0x610
 .debug_aranges
                0x00000000       0x20 src/ASF/sam0/boards/board_init.o
 .debug_aranges
                0x00000020       0xa0 src/ASF/sam0/drivers/sercom/i2c/i2c_sam0/i2c_master.o
 .debug_aranges
                0x000000c0       0x90 src/ASF/sam0/drivers/sercom/i2c/i2c_sam0/i2c_master_interrupt.o
 .debug_aranges
                0x00000150       0x70 src/SerialConsole/circular_buffer.o
 .debug_aranges
                0x000001c0       0x58 src/SerialConsole/SerialConsole.o
 .debug_aranges
                0x00000218       0x28 src/ASF/common2/services/delay/sam0/cycle_counter.o
 .debug_aranges
                0x00000240       0x28 src/ASF/common/utils/interrupt/interrupt_sam_nvic.o
 .debug_aranges
                0x00000268       0x28 src/ASF/sam0/drivers/port/port.o
 .debug_aranges
                0x00000290       0x48 src/ASF/sam0/drivers/sercom/sercom.o
 .debug_aranges
                0x000002d8       0x60 src/ASF/sam0/drivers/sercom/sercom_interrupt.o
 .debug_aranges
                0x00000338       0x40 src/ASF/sam0/drivers/sercom/usart/usart.o
 .debug_aranges
                0x00000378       0x70 src/ASF/sam0/drivers/sercom/usart/usart_interrupt.o
 .debug_aranges
                0x000003e8       0x78 src/ASF/sam0/drivers/system/clock/clock_samd21_r21_da_ha1/clock.o
 .debug_aranges
                0x00000460       0x80 src/ASF/sam0/drivers/system/clock/clock_samd21_r21_da_ha1/gclk.o
 .debug_aranges
                0x000004e0       0x40 src/ASF/sam0/drivers/system/pinmux/pinmux.o
 .debug_aranges
                0x00000520       0x28 src/ASF/sam0/drivers/system/system.o
 .debug_aranges
                0x00000548       0x28 src/ASF/sam0/utils/cmsis/samd21/source/gcc/startup_samd21.o
 .debug_aranges
                0x00000570       0x60 src/ASF/sam0/utils/syscalls/gcc/syscalls.o
 .debug_aranges
                0x000005d0       0x40 src/main_app.o

.debug_ranges   0x00000000      0x680
 .debug_ranges  0x00000000       0x10 src/ASF/sam0/boards/board_init.o
 .debug_ranges  0x00000010       0xa8 src/ASF/sam0/drivers/sercom/i2c/i2c_sam0/i2c_master.o
 .debug_ranges  0x000000b8       0x98 src/ASF/sam0/drivers/sercom/i2c/i2c_sam0/i2c_master_interrupt.o
 .debug_ranges  0x00000150       0x60 src/SerialConsole/circular_buffer.o
 .debug_ranges  0x000001b0       0x48 src/SerialConsole/SerialConsole.o
 .debug_ranges  0x000001f8       0x18 src/ASF/common2/services/delay/sam0/cycle_counter.o
 .debug_ranges  0x00000210       0x18 src/ASF/common/utils/interrupt/interrupt_sam_nvic.o
 .debug_ranges  0x00000228       0x18 src/ASF/sam0/drivers/port/port.o
 .debug_ranges  0x00000240       0x50 src/ASF/sam0/drivers/sercom/sercom.o
 .debug_ranges  0x00000290       0x50 src/ASF/sam0/drivers/sercom/sercom_interrupt.o
 .debug_ranges  0x000002e0      0x140 src/ASF/sam0/drivers/sercom/usart/usart.o
 .debug_ranges  0x00000420       0x60 src/ASF/sam0/drivers/sercom/usart/usart_interrupt.o
 .debug_ranges  0x00000480       0x68 src/ASF/sam0/drivers/system/clock/clock_samd21_r21_da_ha1/clock.o
 .debug_ranges  0x000004e8       0x88 src/ASF/sam0/drivers/system/clock/clock_samd21_r21_da_ha1/gclk.o
 .debug_ranges  0x00000570       0x30 src/ASF/sam0/drivers/system/pinmux/pinmux.o
 .debug_ranges  0x000005a0       0x18 src/ASF/sam0/drivers/system/system.o
 .debug_ranges  0x000005b8       0x18 src/ASF/sam0/utils/cmsis/samd21/source/gcc/startup_samd21.o
 .debug_ranges  0x000005d0       0x50 src/ASF/sam0/utils/syscalls/gcc/syscalls.o
 .debug_ranges  0x00000620       0x60 src/main_app.o

.debug_macro    0x00000000    0x1af5d
 .debug_macro   0x00000000      0x539 src/ASF/sam0/boards/board_init.o
 .debug_macro   0x00000539      0x8d4 src/ASF/sam0/boards/board_init.o
 .debug_macro   0x00000e0d      0x16d src/ASF/sam0/boards/board_init.o
 .debug_macro   0x00000f7a      0x6d7 src/ASF/sam0/boards/board_init.o
 .debug_macro   0x00001651       0x22 src/ASF/sam0/boards/board_init.o
 .debug_macro   0x00001673       0x87 src/ASF/sam0/boards/board_init.o
 .debug_macro   0x000016fa       0x51 src/ASF/sam0/boards/board_init.o
 .debug_macro   0x0000174b       0xef src/ASF/sam0/boards/board_init.o
 .debug_macro   0x0000183a       0x6a src/ASF/sam0/boards/board_init.o
 .debug_macro   0x000018a4      0x1df src/ASF/sam0/boards/board_init.o
 .debug_macro   0x00001a83       0x10 src/ASF/sam0/boards/board_init.o
 .debug_macro   0x00001a93       0x76 src/ASF/sam0/boards/board_init.o
 .debug_macro   0x00001b09       0x16 src/ASF/sam0/boards/board_init.o
 .debug_macro   0x00001b1f      0x6db src/ASF/sam0/boards/board_init.o
 .debug_macro   0x000021fa      0xdd8 src/ASF/sam0/boards/board_init.o
 .debug_macro   0x00002fd2       0x22 src/ASF/sam0/boards/board_init.o
 .debug_macro   0x00002ff4       0x40 src/ASF/sam0/boards/board_init.o
 .debug_macro   0x00003034       0x3a src/ASF/sam0/boards/board_init.o
 .debug_macro   0x0000306e       0x1f src/ASF/sam0/boards/board_init.o
 .debug_macro   0x0000308d      0x250 src/ASF/sam0/boards/board_init.o
 .debug_macro   0x000032dd      0x681 src/ASF/sam0/boards/board_init.o
 .debug_macro   0x0000395e      0x8b5 src/ASF/sam0/boards/board_init.o
 .debug_macro   0x00004213      0x230 src/ASF/sam0/boards/board_init.o
 .debug_macro   0x00004443      0xd60 src/ASF/sam0/boards/board_init.o
 .debug_macro   0x000051a3      0x4cb src/ASF/sam0/boards/board_init.o
 .debug_macro   0x0000566e      0x9f8 src/ASF/sam0/boards/board_init.o
 .debug_macro   0x00006066      0x82b src/ASF/sam0/boards/board_init.o
 .debug_macro   0x00006891      0x455 src/ASF/sam0/boards/board_init.o
 .debug_macro   0x00006ce6       0x5e src/ASF/sam0/boards/board_init.o
 .debug_macro   0x00006d44      0x8fd src/ASF/sam0/boards/board_init.o
 .debug_macro   0x00007641      0x21c src/ASF/sam0/boards/board_init.o
 .debug_macro   0x0000785d      0x95b src/ASF/sam0/boards/board_init.o
 .debug_macro   0x000081b8       0x5e src/ASF/sam0/boards/board_init.o
 .debug_macro   0x00008216      0x667 src/ASF/sam0/boards/board_init.o
 .debug_macro   0x0000887d      0x3af src/ASF/sam0/boards/board_init.o
 .debug_macro   0x00008c2c      0xc7a src/ASF/sam0/boards/board_init.o
 .debug_macro   0x000098a6     0x1092 src/ASF/sam0/boards/board_init.o
 .debug_macro   0x0000a938      0xc4a src/ASF/sam0/boards/board_init.o
 .debug_macro   0x0000b582      0x6ba src/ASF/sam0/boards/board_init.o
 .debug_macro   0x0000bc3c     0x1bbf src/ASF/sam0/boards/board_init.o
 .debug_macro   0x0000d7fb     0x1440 src/ASF/sam0/boards/board_init.o
 .debug_macro   0x0000ec3b      0x344 src/ASF/sam0/boards/board_init.o
 .debug_macro   0x0000ef7f       0x7c src/ASF/sam0/boards/board_init.o
 .debug_macro   0x0000effb       0xa0 src/ASF/sam0/boards/board_init.o
 .debug_macro   0x0000f09b       0x4c src/ASF/sam0/boards/board_init.o
 .debug_macro   0x0000f0e7       0xca src/ASF/sam0/boards/board_init.o
 .debug_macro   0x0000f1b1       0x94 src/ASF/sam0/boards/board_init.o
 .debug_macro   0x0000f245       0x58 src/ASF/sam0/boards/board_init.o
 .debug_macro   0x0000f29d      0x37d src/ASF/sam0/boards/board_init.o
 .debug_macro   0x0000f61a       0x82 src/ASF/sam0/boards/board_init.o
 .debug_macro   0x0000f69c      0x18d src/ASF/sam0/boards/board_init.o
 .debug_macro   0x0000f829       0xb8 src/ASF/sam0/boards/board_init.o
 .debug_macro   0x0000f8e1       0xa0 src/ASF/sam0/boards/board_init.o
 .debug_macro   0x0000f981       0xb8 src/ASF/sam0/boards/board_init.o
 .debug_macro   0x0000fa39       0x1c src/ASF/sam0/boards/board_init.o
 .debug_macro   0x0000fa55       0x1c src/ASF/sam0/boards/board_init.o
 .debug_macro   0x0000fa71       0x1c src/ASF/sam0/boards/board_init.o
 .debug_macro   0x0000fa8d       0x82 src/ASF/sam0/boards/board_init.o
 .debug_macro   0x0000fb0f      0x15a src/ASF/sam0/boards/board_init.o
 .debug_macro   0x0000fc69       0xdc src/ASF/sam0/boards/board_init.o
 .debug_macro   0x0000fd45      0x128 src/ASF/sam0/boards/board_init.o
 .debug_macro   0x0000fe6d      0x128 src/ASF/sam0/boards/board_init.o
 .debug_macro   0x0000ff95      0x128 src/ASF/sam0/boards/board_init.o
 .debug_macro   0x000100bd      0x128 src/ASF/sam0/boards/board_init.o
 .debug_macro   0x000101e5      0x128 src/ASF/sam0/boards/board_init.o
 .debug_macro   0x0001030d      0x128 src/ASF/sam0/boards/board_init.o
 .debug_macro   0x00010435      0x124 src/ASF/sam0/boards/board_init.o
 .debug_macro   0x00010559       0xe2 src/ASF/sam0/boards/board_init.o
 .debug_macro   0x0001063b       0xe2 src/ASF/sam0/boards/board_init.o
 .debug_macro   0x0001071d       0xe2 src/ASF/sam0/boards/board_init.o
 .debug_macro   0x000107ff      0x130 src/ASF/sam0/boards/board_init.o
 .debug_macro   0x0001092f      0x106 src/ASF/sam0/boards/board_init.o
 .debug_macro   0x00010a35       0xfa src/ASF/sam0/boards/board_init.o
 .debug_macro   0x00010b2f      0x40f src/ASF/sam0/boards/board_init.o
 .debug_macro   0x00010f3e       0x40 src/ASF/sam0/boards/board_init.o
 .debug_macro   0x00010f7e      0x361 src/ASF/sam0/boards/board_init.o
 .debug_macro   0x000112df     0x16e3 src/ASF/sam0/boards/board_init.o
 .debug_macro   0x000129c2       0x6d src/ASF/sam0/boards/board_init.o
 .debug_macro   0x00012a2f       0x58 src/ASF/sam0/boards/board_init.o
 .debug_macro   0x00012a87       0x35 src/ASF/sam0/boards/board_init.o
 .debug_macro   0x00012abc       0x9c src/ASF/sam0/boards/board_init.o
 .debug_macro   0x00012b58       0x16 src/ASF/sam0/boards/board_init.o
 .debug_macro   0x00012b6e       0x35 src/ASF/sam0/boards/board_init.o
 .debug_macro   0x00012ba3      0x353 src/ASF/sam0/boards/board_init.o
 .debug_macro   0x00012ef6       0x10 src/ASF/sam0/boards/board_init.o
 .debug_macro   0x00012f06       0x58 src/ASF/sam0/boards/board_init.o
 .debug_macro   0x00012f5e       0x1f src/ASF/sam0/boards/board_init.o
 .debug_macro   0x00012f7d       0x43 src/ASF/sam0/boards/board_init.o
 .debug_macro   0x00012fc0       0x20 src/ASF/sam0/boards/board_init.o
 .debug_macro   0x00012fe0      0x187 src/ASF/sam0/boards/board_init.o
 .debug_macro   0x00013167       0x10 src/ASF/sam0/boards/board_init.o
 .debug_macro   0x00013177       0x1c src/ASF/sam0/boards/board_init.o
 .debug_macro   0x00013193       0x52 src/ASF/sam0/boards/board_init.o
 .debug_macro   0x000131e5       0x40 src/ASF/sam0/boards/board_init.o
 .debug_macro   0x00013225       0x10 src/ASF/sam0/boards/board_init.o
 .debug_macro   0x00013235       0x40 src/ASF/sam0/boards/board_init.o
 .debug_macro   0x00013275       0xd7 src/ASF/sam0/boards/board_init.o
 .debug_macro   0x0001334c       0x16 src/ASF/sam0/boards/board_init.o
 .debug_macro   0x00013362      0x18b src/ASF/sam0/boards/board_init.o
 .debug_macro   0x000134ed       0x16 src/ASF/sam0/boards/board_init.o
 .debug_macro   0x00013503       0x16 src/ASF/sam0/boards/board_init.o
 .debug_macro   0x00013519       0x29 src/ASF/sam0/boards/board_init.o
 .debug_macro   0x00013542       0x51 src/ASF/sam0/boards/board_init.o
 .debug_macro   0x00013593       0x3e src/ASF/sam0/boards/board_init.o
 .debug_macro   0x000135d1      0x3df src/ASF/sam0/boards/board_init.o
 .debug_macro   0x000139b0      0x2c3 src/ASF/sam0/boards/board_init.o
 .debug_macro   0x00013c73       0x10 src/ASF/sam0/boards/board_init.o
 .debug_macro   0x00013c83      0x6ce src/ASF/sam0/boards/board_init.o
 .debug_macro   0x00014351       0x18 src/ASF/sam0/boards/board_init.o
 .debug_macro   0x00014369       0x12 src/ASF/sam0/boards/board_init.o
 .debug_macro   0x0001437b      0x5ad src/ASF/sam0/drivers/sercom/i2c/i2c_sam0/i2c_master.o
 .debug_macro   0x00014928       0x11 src/ASF/sam0/drivers/sercom/i2c/i2c_sam0/i2c_master.o
 .debug_macro   0x00014939       0x16 src/ASF/sam0/drivers/sercom/i2c/i2c_sam0/i2c_master.o
 .debug_macro   0x0001494f       0x2e src/ASF/sam0/drivers/sercom/i2c/i2c_sam0/i2c_master.o
 .debug_macro   0x0001497d       0xb2 src/ASF/sam0/drivers/sercom/i2c/i2c_sam0/i2c_master.o
 .debug_macro   0x00014a2f       0x10 src/ASF/sam0/drivers/sercom/i2c/i2c_sam0/i2c_master.o
 .debug_macro   0x00014a3f       0x27 src/ASF/sam0/drivers/sercom/i2c/i2c_sam0/i2c_master.o
 .debug_macro   0x00014a66      0x5a9 src/ASF/sam0/drivers/sercom/i2c/i2c_sam0/i2c_master_interrupt.o
 .debug_macro   0x0001500f      0x142 src/SerialConsole/circular_buffer.o
 .debug_macro   0x00015151       0x52 src/SerialConsole/circular_buffer.o
 .debug_macro   0x000151a3       0x8d src/SerialConsole/circular_buffer.o
 .debug_macro   0x00015230      0x10e src/SerialConsole/circular_buffer.o
 .debug_macro   0x0001533e       0x86 src/SerialConsole/circular_buffer.o
 .debug_macro   0x000153c4       0x57 src/SerialConsole/circular_buffer.o
 .debug_macro   0x0001541b       0x16 src/SerialConsole/circular_buffer.o
 .debug_macro   0x00015431      0x770 src/SerialConsole/SerialConsole.o
 .debug_macro   0x00015ba1       0x2e src/SerialConsole/SerialConsole.o
 .debug_macro   0x00015bcf       0x16 src/SerialConsole/SerialConsole.o
 .debug_macro   0x00015be5       0x10 src/SerialConsole/SerialConsole.o
 .debug_macro   0x00015bf5       0x82 src/SerialConsole/SerialConsole.o
 .debug_macro   0x00015c77       0x9b src/SerialConsole/SerialConsole.o
 .debug_macro   0x00015d12       0xe7 src/SerialConsole/SerialConsole.o
 .debug_macro   0x00015df9      0x1bf src/SerialConsole/SerialConsole.o
 .debug_macro   0x00015fb8       0x46 src/SerialConsole/SerialConsole.o
 .debug_macro   0x00015ffe      0x298 src/SerialConsole/SerialConsole.o
 .debug_macro   0x00016296       0x52 src/SerialConsole/SerialConsole.o
 .debug_macro   0x000162e8       0x9a src/SerialConsole/SerialConsole.o
 .debug_macro   0x00016382       0x2d src/SerialConsole/SerialConsole.o
 .debug_macro   0x000163af       0x16 src/SerialConsole/SerialConsole.o
 .debug_macro   0x000163c5       0x16 src/SerialConsole/SerialConsole.o
 .debug_macro   0x000163db       0x2e src/SerialConsole/SerialConsole.o
 .debug_macro   0x00016409       0x49 src/SerialConsole/SerialConsole.o
 .debug_macro   0x00016452       0x4c src/SerialConsole/SerialConsole.o
 .debug_macro   0x0001649e      0x539 src/ASF/common2/services/delay/sam0/cycle_counter.o
 .debug_macro   0x000169d7      0x4fe src/ASF/common/utils/interrupt/interrupt_sam_nvic.o
 .debug_macro   0x00016ed5      0x518 src/ASF/sam0/drivers/port/port.o
 .debug_macro   0x000173ed      0x58b src/ASF/sam0/drivers/sercom/sercom.o
 .debug_macro   0x00017978      0x588 src/ASF/sam0/drivers/sercom/sercom_interrupt.o
 .debug_macro   0x00017f00      0x59c src/ASF/sam0/drivers/sercom/usart/usart.o
 .debug_macro   0x0001849c       0x51 src/ASF/sam0/drivers/sercom/usart/usart.o
 .debug_macro   0x000184ed      0x59c src/ASF/sam0/drivers/sercom/usart/usart_interrupt.o
 .debug_macro   0x00018a89      0x57d src/ASF/sam0/drivers/system/clock/clock_samd21_r21_da_ha1/clock.o
 .debug_macro   0x00019006      0x534 src/ASF/sam0/drivers/system/clock/clock_samd21_r21_da_ha1/gclk.o
 .debug_macro   0x0001953a      0x50e src/ASF/sam0/drivers/system/pinmux/pinmux.o
 .debug_macro   0x00019a48       0x12 src/ASF/sam0/drivers/system/pinmux/pinmux.o
 .debug_macro   0x00019a5a      0x541 src/ASF/sam0/drivers/system/system.o
 .debug_macro   0x00019f9b      0x2e5 src/ASF/sam0/utils/cmsis/samd21/source/gcc/startup_samd21.o
 .debug_macro   0x0001a280       0x3a src/ASF/sam0/utils/cmsis/samd21/source/gcc/startup_samd21.o
 .debug_macro   0x0001a2ba      0x1d6 src/ASF/sam0/utils/syscalls/gcc/syscalls.o
 .debug_macro   0x0001a490       0x97 src/ASF/sam0/utils/syscalls/gcc/syscalls.o
 .debug_macro   0x0001a527       0xf6 src/ASF/sam0/utils/syscalls/gcc/syscalls.o
 .debug_macro   0x0001a61d       0x16 src/ASF/sam0/utils/syscalls/gcc/syscalls.o
 .debug_macro   0x0001a633       0x10 src/ASF/sam0/utils/syscalls/gcc/syscalls.o
 .debug_macro   0x0001a643       0x10 src/ASF/sam0/utils/syscalls/gcc/syscalls.o
 .debug_macro   0x0001a653       0x35 src/ASF/sam0/utils/syscalls/gcc/syscalls.o
 .debug_macro   0x0001a688      0x122 src/ASF/sam0/utils/syscalls/gcc/syscalls.o
 .debug_macro   0x0001a7aa      0x77f src/main_app.o
 .debug_macro   0x0001af29       0x34 src/main_app.o

.debug_line     0x00000000     0xcdb1
 .debug_line    0x00000000      0x982 src/ASF/sam0/boards/board_init.o
 .debug_line    0x00000982      0xe49 src/ASF/sam0/drivers/sercom/i2c/i2c_sam0/i2c_master.o
 .debug_line    0x000017cb      0xdc4 src/ASF/sam0/drivers/sercom/i2c/i2c_sam0/i2c_master_interrupt.o
 .debug_line    0x0000258f      0x417 src/SerialConsole/circular_buffer.o
 .debug_line    0x000029a6     0x105a src/SerialConsole/SerialConsole.o
 .debug_line    0x00003a00      0x977 src/ASF/common2/services/delay/sam0/cycle_counter.o
 .debug_line    0x00004377      0x8c5 src/ASF/common/utils/interrupt/interrupt_sam_nvic.o
 .debug_line    0x00004c3c      0x8f2 src/ASF/sam0/drivers/port/port.o
 .debug_line    0x0000552e      0xbcb src/ASF/sam0/drivers/sercom/sercom.o
 .debug_line    0x000060f9      0xb6f src/ASF/sam0/drivers/sercom/sercom_interrupt.o
 .debug_line    0x00006c68      0xd36 src/ASF/sam0/drivers/sercom/usart/usart.o
 .debug_line    0x0000799e      0xcc4 src/ASF/sam0/drivers/sercom/usart/usart_interrupt.o
 .debug_line    0x00008662      0xcb5 src/ASF/sam0/drivers/system/clock/clock_samd21_r21_da_ha1/clock.o
 .debug_line    0x00009317      0xc6e src/ASF/sam0/drivers/system/clock/clock_samd21_r21_da_ha1/gclk.o
 .debug_line    0x00009f85      0x93f src/ASF/sam0/drivers/system/pinmux/pinmux.o
 .debug_line    0x0000a8c4      0x9e9 src/ASF/sam0/drivers/system/system.o
 .debug_line    0x0000b2ad      0x644 src/ASF/sam0/utils/cmsis/samd21/source/gcc/startup_samd21.o
 .debug_line    0x0000b8f1      0x409 src/ASF/sam0/utils/syscalls/gcc/syscalls.o
 .debug_line    0x0000bcfa     0x10b7 src/main_app.o

.debug_str      0x00000000    0x8bf17
 .debug_str     0x00000000    0x82109 src/ASF/sam0/boards/board_init.o
                              0x82a1d (size before relaxing)
 .debug_str     0x00082109     0x24f0 src/ASF/sam0/drivers/sercom/i2c/i2c_sam0/i2c_master.o
                              0x824f2 (size before relaxing)
 .debug_str     0x000845f9      0x264 src/ASF/sam0/drivers/sercom/i2c/i2c_sam0/i2c_master_interrupt.o
                              0x814ca (size before relaxing)
 .debug_str     0x0008485d      0x1d5 src/SerialConsole/circular_buffer.o
                               0x67cf (size before relaxing)
 .debug_str     0x00084a32     0x3891 src/SerialConsole/SerialConsole.o
                              0x878c3 (size before relaxing)
 .debug_str     0x000882c3       0x42 src/ASF/common2/services/delay/sam0/cycle_counter.o
                              0x80177 (size before relaxing)
 .debug_str     0x00088305       0x66 src/ASF/common/utils/interrupt/interrupt_sam_nvic.o
                              0x7fea8 (size before relaxing)
 .debug_str     0x0008836b       0x5e src/ASF/sam0/drivers/port/port.o
                              0x802d4 (size before relaxing)
 .debug_str     0x000883c9      0x34f src/ASF/sam0/drivers/sercom/sercom.o
                              0x81589 (size before relaxing)
 .debug_str     0x00088718      0x158 src/ASF/sam0/drivers/sercom/sercom_interrupt.o
                              0x813ec (size before relaxing)
 .debug_str     0x00088870       0xfc src/ASF/sam0/drivers/sercom/usart/usart.o
                              0x82354 (size before relaxing)
 .debug_str     0x0008896c       0xef src/ASF/sam0/drivers/sercom/usart/usart_interrupt.o
                              0x8159a (size before relaxing)
 .debug_str     0x00088a5b     0x1798 src/ASF/sam0/drivers/system/clock/clock_samd21_r21_da_ha1/clock.o
                              0x83135 (size before relaxing)
 .debug_str     0x0008a1f3      0x1fa src/ASF/sam0/drivers/system/clock/clock_samd21_r21_da_ha1/gclk.o
                              0x80b6b (size before relaxing)
 .debug_str     0x0008a3ed      0x179 src/ASF/sam0/drivers/system/pinmux/pinmux.o
                              0x8034a (size before relaxing)
 .debug_str     0x0008a566       0x47 src/ASF/sam0/drivers/system/system.o
                              0x7ff85 (size before relaxing)
 .debug_str     0x0008a5ad      0xf21 src/ASF/sam0/utils/cmsis/samd21/source/gcc/startup_samd21.o
                              0x6b38e (size before relaxing)
 .debug_str     0x0008b4ce      0x68d src/ASF/sam0/utils/syscalls/gcc/syscalls.o
                               0x744a (size before relaxing)
 .debug_str     0x0008bb5b      0x3bc src/main_app.o
                              0x8794d (size before relaxing)

.debug_frame    0x00000000     0x1454
 .debug_frame   0x00000000       0x30 src/ASF/sam0/boards/board_init.o
 .debug_frame   0x00000030      0x1f0 src/ASF/sam0/drivers/sercom/i2c/i2c_sam0/i2c_master.o
 .debug_frame   0x00000220      0x170 src/ASF/sam0/drivers/sercom/i2c/i2c_sam0/i2c_master_interrupt.o
 .debug_frame   0x00000390       0xf8 src/SerialConsole/circular_buffer.o
 .debug_frame   0x00000488       0xd0 src/SerialConsole/SerialConsole.o
 .debug_frame   0x00000558       0x30 src/ASF/common2/services/delay/sam0/cycle_counter.o
 .debug_frame   0x00000588       0x30 src/ASF/common/utils/interrupt/interrupt_sam_nvic.o
 .debug_frame   0x000005b8       0x44 src/ASF/sam0/drivers/port/port.o
 .debug_frame   0x000005fc       0xbc src/ASF/sam0/drivers/sercom/sercom.o
 .debug_frame   0x000006b8       0xe8 src/ASF/sam0/drivers/sercom/sercom_interrupt.o
 .debug_frame   0x000007a0       0xac src/ASF/sam0/drivers/sercom/usart/usart.o
 .debug_frame   0x0000084c      0x110 src/ASF/sam0/drivers/sercom/usart/usart_interrupt.o
 .debug_frame   0x0000095c      0x150 src/ASF/sam0/drivers/system/clock/clock_samd21_r21_da_ha1/clock.o
 .debug_frame   0x00000aac      0x148 src/ASF/sam0/drivers/system/clock/clock_samd21_r21_da_ha1/gclk.o
 .debug_frame   0x00000bf4       0x98 src/ASF/sam0/drivers/system/pinmux/pinmux.o
 .debug_frame   0x00000c8c       0x38 src/ASF/sam0/drivers/system/system.o
 .debug_frame   0x00000cc4       0x40 src/ASF/sam0/utils/cmsis/samd21/source/gcc/startup_samd21.o
 .debug_frame   0x00000d04       0xa0 src/ASF/sam0/utils/syscalls/gcc/syscalls.o
 .debug_frame   0x00000da4       0xa0 src/main_app.o
 .debug_frame   0x00000e44       0x20 c:/program files (x86)/atmel/studio/7.0/toolchain/arm/arm-gnu-toolchain/bin/../lib/gcc/arm-none-eabi/6.3.1/thumb/v6-m\libgcc.a(_udivsi3.o)
 .debug_frame   0x00000e64       0x34 c:/program files (x86)/atmel/studio/7.0/toolchain/arm/arm-gnu-toolchain/bin/../lib/gcc/arm-none-eabi/6.3.1/thumb/v6-m\libgcc.a(_muldi3.o)
 .debug_frame   0x00000e98       0x2c c:/program files (x86)/atmel/studio/7.0/toolchain/arm/arm-gnu-toolchain/bin/../lib/gcc/arm-none-eabi/6.3.1/thumb/v6-m\libgcc.a(_fixunsdfsi.o)
 .debug_frame   0x00000ec4       0x3c c:/program files (x86)/atmel/studio/7.0/toolchain/arm/arm-gnu-toolchain/bin/../lib/gcc/arm-none-eabi/6.3.1/thumb/v6-m\libgcc.a(_udivmoddi4.o)
 .debug_frame   0x00000f00       0x3c c:/program files (x86)/atmel/studio/7.0/toolchain/arm/arm-gnu-toolchain/bin/../lib/gcc/arm-none-eabi/6.3.1/thumb/v6-m\libgcc.a(adddf3.o)
 .debug_frame   0x00000f3c       0x3c c:/program files (x86)/atmel/studio/7.0/toolchain/arm/arm-gnu-toolchain/bin/../lib/gcc/arm-none-eabi/6.3.1/thumb/v6-m\libgcc.a(divdf3.o)
 .debug_frame   0x00000f78       0x3c c:/program files (x86)/atmel/studio/7.0/toolchain/arm/arm-gnu-toolchain/bin/../lib/gcc/arm-none-eabi/6.3.1/thumb/v6-m\libgcc.a(muldf3.o)
 .debug_frame   0x00000fb4       0x38 c:/program files (x86)/atmel/studio/7.0/toolchain/arm/arm-gnu-toolchain/bin/../lib/gcc/arm-none-eabi/6.3.1/thumb/v6-m\libgcc.a(subdf3.o)
 .debug_frame   0x00000fec       0x2c c:/program files (x86)/atmel/studio/7.0/toolchain/arm/arm-gnu-toolchain/bin/../lib/gcc/arm-none-eabi/6.3.1/thumb/v6-m\libgcc.a(fixdfsi.o)
 .debug_frame   0x00001018       0x2c c:/program files (x86)/atmel/studio/7.0/toolchain/arm/arm-gnu-toolchain/bin/../lib/gcc/arm-none-eabi/6.3.1/thumb/v6-m\libgcc.a(floatsidf.o)
 .debug_frame   0x00001044       0x28 c:/program files (x86)/atmel/studio/7.0/toolchain/arm/arm-gnu-toolchain/bin/../lib/gcc/arm-none-eabi/6.3.1/thumb/v6-m\libgcc.a(floatunsidf.o)
 .debug_frame   0x0000106c       0x38 c:/program files (x86)/atmel/studio/7.0/toolchain/arm/arm-gnu-toolchain/bin/../lib/gcc/arm-none-eabi/6.3.1/thumb/v6-m\libgcc.a(eqdf2.o)
 .debug_frame   0x000010a4       0x38 c:/program files (x86)/atmel/studio/7.0/toolchain/arm/arm-gnu-toolchain/bin/../lib/gcc/arm-none-eabi/6.3.1/thumb/v6-m\libgcc.a(gedf2.o)
 .debug_frame   0x000010dc       0x38 c:/program files (x86)/atmel/studio/7.0/toolchain/arm/arm-gnu-toolchain/bin/../lib/gcc/arm-none-eabi/6.3.1/thumb/v6-m\libgcc.a(ledf2.o)
 .debug_frame   0x00001114       0x2c c:/program files (x86)/atmel/studio/7.0/toolchain/arm/arm-gnu-toolchain/bin/../lib/gcc/arm-none-eabi/6.3.1/../../../../arm-none-eabi/lib/thumb/v6-m\libc_nano.a(lib_a-init.o)
 .debug_frame   0x00001140       0x40 c:/program files (x86)/atmel/studio/7.0/toolchain/arm/arm-gnu-toolchain/bin/../lib/gcc/arm-none-eabi/6.3.1/../../../../arm-none-eabi/lib/thumb/v6-m\libc_nano.a(lib_a-malloc.o)
 .debug_frame   0x00001180       0x2c c:/program files (x86)/atmel/studio/7.0/toolchain/arm/arm-gnu-toolchain/bin/../lib/gcc/arm-none-eabi/6.3.1/../../../../arm-none-eabi/lib/thumb/v6-m\libc_nano.a(lib_a-nano-freer.o)
 .debug_frame   0x000011ac       0x2c c:/program files (x86)/atmel/studio/7.0/toolchain/arm/arm-gnu-toolchain/bin/../lib/gcc/arm-none-eabi/6.3.1/../../../../arm-none-eabi/lib/thumb/v6-m\libc_nano.a(lib_a-nano-mallocr.o)
 .debug_frame   0x000011d8       0x2c c:/program files (x86)/atmel/studio/7.0/toolchain/arm/arm-gnu-toolchain/bin/../lib/gcc/arm-none-eabi/6.3.1/../../../../arm-none-eabi/lib/thumb/v6-m\libc_nano.a(lib_a-sbrkr.o)
 .debug_frame   0x00001204       0x50 c:/program files (x86)/atmel/studio/7.0/toolchain/arm/arm-gnu-toolchain/bin/../lib/gcc/arm-none-eabi/6.3.1/../../../../arm-none-eabi/lib/thumb/v6-m\libc_nano.a(lib_a-sprintf.o)
 .debug_frame   0x00001254       0x30 c:/program files (x86)/atmel/studio/7.0/toolchain/arm/arm-gnu-toolchain/bin/../lib/gcc/arm-none-eabi/6.3.1/../../../../arm-none-eabi/lib/thumb/v6-m\libc_nano.a(lib_a-mlock.o)
 .debug_frame   0x00001284       0x74 c:/program files (x86)/atmel/studio/7.0/toolchain/arm/arm-gnu-toolchain/bin/../lib/gcc/arm-none-eabi/6.3.1/../../../../arm-none-eabi/lib/thumb/v6-m\libc_nano.a(lib_a-nano-svfprintf.o)
 .debug_frame   0x000012f8       0x54 c:/program files (x86)/atmel/studio/7.0/toolchain/arm/arm-gnu-toolchain/bin/../lib/gcc/arm-none-eabi/6.3.1/../../../../arm-none-eabi/lib/thumb/v6-m\libc_nano.a(lib_a-nano-vfprintf_i.o)
 .debug_frame   0x0000134c       0x48 c:/program files (x86)/atmel/studio/7.0/toolchain/arm/arm-gnu-toolchain/bin/../lib/gcc/arm-none-eabi/6.3.1/../../../../arm-none-eabi/lib/thumb/v6-m\libc_nano.a(lib_a-reent.o)
 .debug_frame   0x00001394       0x20 c:/program files (x86)/atmel/studio/7.0/toolchain/arm/arm-gnu-toolchain/bin/../lib/gcc/arm-none-eabi/6.3.1/../../../../arm-none-eabi/lib/thumb/v6-m\libc_nano.a(lib_a-memchr-stub.o)
 .debug_frame   0x000013b4       0x28 c:/program files (x86)/atmel/studio/7.0/toolchain/arm/arm-gnu-toolchain/bin/../lib/gcc/arm-none-eabi/6.3.1/../../../../arm-none-eabi/lib/thumb/v6-m\libc_nano.a(lib_a-memcpy-stub.o)
 .debug_frame   0x000013dc       0x28 c:/program files (x86)/atmel/studio/7.0/toolchain/arm/arm-gnu-toolchain/bin/../lib/gcc/arm-none-eabi/6.3.1/../../../../arm-none-eabi/lib/thumb/v6-m\libc_nano.a(lib_a-memmove.o)
 .debug_frame   0x00001404       0x30 c:/program files (x86)/atmel/studio/7.0/toolchain/arm/arm-gnu-toolchain/bin/../lib/gcc/arm-none-eabi/6.3.1/../../../../arm-none-eabi/lib/thumb/v6-m\libc_nano.a(lib_a-nano-reallocr.o)
 .debug_frame   0x00001434       0x20 c:/program files (x86)/atmel/studio/7.0/toolchain/arm/arm-gnu-toolchain/bin/../lib/gcc/arm-none-eabi/6.3.1/../../../../arm-none-eabi/lib/thumb/v6-m\libc_nano.a(lib_a-nano-msizer.o)
